TimeQuest Timing Analyzer report for task2
Fri Feb 28 21:32:10 2025
Quartus II 32-bit Version 13.1.0 Build 162 10/23/2013 SJ Web Edition


---------------------
; Table of Contents ;
---------------------
  1. Legal Notice
  2. TimeQuest Timing Analyzer Summary
  3. Parallel Compilation
  4. Clocks
  5. Slow 1200mV 85C Model Fmax Summary
  6. Timing Closure Recommendations
  7. Slow 1200mV 85C Model Setup Summary
  8. Slow 1200mV 85C Model Hold Summary
  9. Slow 1200mV 85C Model Recovery Summary
 10. Slow 1200mV 85C Model Removal Summary
 11. Slow 1200mV 85C Model Minimum Pulse Width Summary
 12. Propagation Delay
 13. Minimum Propagation Delay
 14. Slow 1200mV 85C Model Metastability Report
 15. Slow 1200mV 0C Model Fmax Summary
 16. Slow 1200mV 0C Model Setup Summary
 17. Slow 1200mV 0C Model Hold Summary
 18. Slow 1200mV 0C Model Recovery Summary
 19. Slow 1200mV 0C Model Removal Summary
 20. Slow 1200mV 0C Model Minimum Pulse Width Summary
 21. Propagation Delay
 22. Minimum Propagation Delay
 23. Slow 1200mV 0C Model Metastability Report
 24. Fast 1200mV 0C Model Setup Summary
 25. Fast 1200mV 0C Model Hold Summary
 26. Fast 1200mV 0C Model Recovery Summary
 27. Fast 1200mV 0C Model Removal Summary
 28. Fast 1200mV 0C Model Minimum Pulse Width Summary
 29. Propagation Delay
 30. Minimum Propagation Delay
 31. Fast 1200mV 0C Model Metastability Report
 32. Multicorner Timing Analysis Summary
 33. Propagation Delay
 34. Minimum Propagation Delay
 35. Board Trace Model Assignments
 36. Input Transition Times
 37. Slow Corner Signal Integrity Metrics
 38. Fast Corner Signal Integrity Metrics
 39. Clock Transfers
 40. Report TCCS
 41. Report RSKM
 42. Unconstrained Paths
 43. TimeQuest Timing Analyzer Messages



----------------
; Legal Notice ;
----------------
Copyright (C) 1991-2013 Altera Corporation
Your use of Altera Corporation's design tools, logic functions 
and other software and tools, and its AMPP partner logic 
functions, and any output files from any of the foregoing 
(including device programming or simulation files), and any 
associated documentation or information are expressly subject 
to the terms and conditions of the Altera Program License 
Subscription Agreement, Altera MegaCore Function License 
Agreement, or other applicable license agreement, including, 
without limitation, that your use is for the sole purpose of 
programming logic devices manufactured by Altera and sold by 
Altera or its authorized distributors.  Please refer to the 
applicable agreement for further details.



+-------------------------------------------------------------------------+
; TimeQuest Timing Analyzer Summary                                       ;
+--------------------+----------------------------------------------------+
; Quartus II Version ; Version 13.1.0 Build 162 10/23/2013 SJ Web Edition ;
; Revision Name      ; task2                                              ;
; Device Family      ; Cyclone III                                        ;
; Device Name        ; EP3C16F484C6                                       ;
; Timing Models      ; Final                                              ;
; Delay Model        ; Combined                                           ;
; Rise/Fall Delays   ; Enabled                                            ;
+--------------------+----------------------------------------------------+


Parallel compilation was disabled, but you have multiple processors available. Enable parallel compilation to reduce compilation time.
+-------------------------------------+
; Parallel Compilation                ;
+----------------------------+--------+
; Processors                 ; Number ;
+----------------------------+--------+
; Number detected on machine ; 8      ;
; Maximum allowed            ; 1      ;
+----------------------------+--------+


----------
; Clocks ;
----------
No clocks to report.


--------------------------------------
; Slow 1200mV 85C Model Fmax Summary ;
--------------------------------------
No paths to report.


----------------------------------
; Timing Closure Recommendations ;
----------------------------------
HTML report is unavailable in plain text report export.


---------------------------------------
; Slow 1200mV 85C Model Setup Summary ;
---------------------------------------
No paths to report.


--------------------------------------
; Slow 1200mV 85C Model Hold Summary ;
--------------------------------------
No paths to report.


------------------------------------------
; Slow 1200mV 85C Model Recovery Summary ;
------------------------------------------
No paths to report.


-----------------------------------------
; Slow 1200mV 85C Model Removal Summary ;
-----------------------------------------
No paths to report.


-----------------------------------------------------
; Slow 1200mV 85C Model Minimum Pulse Width Summary ;
-----------------------------------------------------
No paths to report.


+----------------------------------------------------------+
; Propagation Delay                                        ;
+------------+-------------+-------+-------+-------+-------+
; Input Port ; Output Port ; RR    ; RF    ; FR    ; FF    ;
+------------+-------------+-------+-------+-------+-------+
; a[0]       ; HEX0_D[0]   ; 8.875 ; 8.862 ; 9.111 ; 9.098 ;
; a[0]       ; HEX0_D[1]   ; 8.861 ; 8.739 ; 9.097 ; 8.975 ;
; a[0]       ; HEX0_D[2]   ; 8.964 ; 9.073 ; 9.200 ; 9.309 ;
; a[0]       ; HEX0_D[3]   ; 9.087 ; 9.009 ; 9.323 ; 9.199 ;
; a[0]       ; HEX0_D[4]   ; 8.993 ; 8.947 ; 9.229 ; 9.137 ;
; a[0]       ; HEX0_D[5]   ; 9.326 ; 9.295 ; 9.562 ; 9.531 ;
; a[0]       ; HEX0_D[6]   ; 9.239 ; 9.113 ; 9.475 ; 9.303 ;
; a[0]       ; HEX1_D[0]   ; 8.562 ;       ;       ; 8.932 ;
; a[0]       ; HEX1_D[3]   ; 8.306 ;       ;       ; 8.692 ;
; a[0]       ; HEX1_D[4]   ; 8.306 ;       ;       ; 8.692 ;
; a[0]       ; HEX1_D[5]   ; 8.469 ;       ;       ; 8.868 ;
; a[1]       ; HEX0_D[0]   ; 8.932 ; 8.919 ; 9.393 ; 9.380 ;
; a[1]       ; HEX0_D[1]   ; 8.918 ; 8.796 ; 9.379 ; 9.257 ;
; a[1]       ; HEX0_D[2]   ; 9.021 ; 9.130 ; 9.482 ; 9.591 ;
; a[1]       ; HEX0_D[3]   ; 9.144 ; 9.066 ; 9.605 ; 9.481 ;
; a[1]       ; HEX0_D[4]   ; 9.050 ; 9.004 ; 9.511 ; 9.419 ;
; a[1]       ; HEX0_D[5]   ; 9.383 ; 9.352 ; 9.844 ; 9.813 ;
; a[1]       ; HEX0_D[6]   ; 9.296 ; 9.170 ; 9.757 ; 9.585 ;
; a[1]       ; HEX1_D[0]   ; 8.619 ;       ;       ; 9.214 ;
; a[1]       ; HEX1_D[3]   ; 8.363 ;       ;       ; 8.974 ;
; a[1]       ; HEX1_D[4]   ; 8.363 ;       ;       ; 8.974 ;
; a[1]       ; HEX1_D[5]   ; 8.526 ;       ;       ; 9.150 ;
; a[2]       ; HEX0_D[0]   ; 9.005 ; 8.992 ; 9.231 ; 9.218 ;
; a[2]       ; HEX0_D[1]   ; 8.991 ; 8.869 ; 9.217 ; 9.095 ;
; a[2]       ; HEX0_D[2]   ; 9.094 ; 9.203 ; 9.320 ; 9.429 ;
; a[2]       ; HEX0_D[3]   ; 9.217 ; 9.139 ; 9.443 ; 9.319 ;
; a[2]       ; HEX0_D[4]   ; 9.123 ; 9.077 ; 9.349 ; 9.257 ;
; a[2]       ; HEX0_D[5]   ; 9.456 ; 9.425 ; 9.682 ; 9.651 ;
; a[2]       ; HEX0_D[6]   ; 9.369 ; 9.243 ; 9.595 ; 9.423 ;
; a[2]       ; HEX1_D[0]   ; 8.692 ;       ;       ; 9.052 ;
; a[2]       ; HEX1_D[3]   ; 8.436 ;       ;       ; 8.812 ;
; a[2]       ; HEX1_D[4]   ; 8.436 ;       ;       ; 8.812 ;
; a[2]       ; HEX1_D[5]   ; 8.599 ;       ;       ; 8.988 ;
; a[3]       ; HEX0_D[0]   ; 8.305 ; 8.292 ; 8.628 ; 8.649 ;
; a[3]       ; HEX0_D[1]   ; 8.291 ; 8.169 ; 8.614 ; 8.547 ;
; a[3]       ; HEX0_D[2]   ; 8.394 ; 8.503 ; 8.761 ; 8.826 ;
; a[3]       ; HEX0_D[3]   ; 8.517 ; 8.345 ; 8.840 ; 8.820 ;
; a[3]       ; HEX0_D[4]   ; 8.423 ; 8.283 ; 8.746 ; 8.758 ;
; a[3]       ; HEX0_D[5]   ; 8.756 ; 8.725 ; 9.079 ; 9.082 ;
; a[3]       ; HEX0_D[6]   ; 8.669 ; 8.449 ; 8.992 ; 8.924 ;
; a[3]       ; HEX1_D[0]   ; 8.309 ;       ;       ; 8.906 ;
; a[3]       ; HEX1_D[3]   ; 8.053 ;       ;       ; 8.666 ;
; a[3]       ; HEX1_D[4]   ; 8.053 ;       ;       ; 8.666 ;
; a[3]       ; HEX1_D[5]   ; 8.216 ;       ;       ; 8.842 ;
; b[0]       ; HEX0_D[0]   ; 9.118 ; 9.105 ; 9.345 ; 9.332 ;
; b[0]       ; HEX0_D[1]   ; 9.104 ; 8.982 ; 9.331 ; 9.209 ;
; b[0]       ; HEX0_D[2]   ; 9.207 ; 9.316 ; 9.434 ; 9.543 ;
; b[0]       ; HEX0_D[3]   ; 9.330 ; 9.252 ; 9.557 ; 9.433 ;
; b[0]       ; HEX0_D[4]   ; 9.236 ; 9.190 ; 9.463 ; 9.371 ;
; b[0]       ; HEX0_D[5]   ; 9.569 ; 9.538 ; 9.796 ; 9.765 ;
; b[0]       ; HEX0_D[6]   ; 9.482 ; 9.356 ; 9.709 ; 9.537 ;
; b[0]       ; HEX1_D[0]   ; 8.805 ;       ;       ; 9.166 ;
; b[0]       ; HEX1_D[3]   ; 8.549 ;       ;       ; 8.926 ;
; b[0]       ; HEX1_D[4]   ; 8.549 ;       ;       ; 8.926 ;
; b[0]       ; HEX1_D[5]   ; 8.712 ;       ;       ; 9.102 ;
; b[1]       ; HEX0_D[0]   ; 8.959 ; 8.946 ; 9.431 ; 9.418 ;
; b[1]       ; HEX0_D[1]   ; 8.945 ; 8.823 ; 9.417 ; 9.295 ;
; b[1]       ; HEX0_D[2]   ; 9.048 ; 9.157 ; 9.520 ; 9.629 ;
; b[1]       ; HEX0_D[3]   ; 9.171 ; 9.093 ; 9.643 ; 9.519 ;
; b[1]       ; HEX0_D[4]   ; 9.077 ; 9.031 ; 9.549 ; 9.457 ;
; b[1]       ; HEX0_D[5]   ; 9.410 ; 9.379 ; 9.882 ; 9.851 ;
; b[1]       ; HEX0_D[6]   ; 9.323 ; 9.197 ; 9.795 ; 9.623 ;
; b[1]       ; HEX1_D[0]   ; 8.646 ;       ;       ; 9.252 ;
; b[1]       ; HEX1_D[3]   ; 8.390 ;       ;       ; 9.012 ;
; b[1]       ; HEX1_D[4]   ; 8.390 ;       ;       ; 9.012 ;
; b[1]       ; HEX1_D[5]   ; 8.553 ;       ;       ; 9.188 ;
; b[2]       ; HEX0_D[0]   ; 8.689 ; 8.676 ; 8.936 ; 8.923 ;
; b[2]       ; HEX0_D[1]   ; 8.675 ; 8.553 ; 8.922 ; 8.800 ;
; b[2]       ; HEX0_D[2]   ; 8.778 ; 8.887 ; 9.025 ; 9.134 ;
; b[2]       ; HEX0_D[3]   ; 8.901 ; 8.823 ; 9.148 ; 9.024 ;
; b[2]       ; HEX0_D[4]   ; 8.807 ; 8.761 ; 9.054 ; 8.962 ;
; b[2]       ; HEX0_D[5]   ; 9.140 ; 9.109 ; 9.387 ; 9.356 ;
; b[2]       ; HEX0_D[6]   ; 9.053 ; 8.927 ; 9.300 ; 9.128 ;
; b[2]       ; HEX1_D[0]   ; 8.376 ;       ;       ; 8.757 ;
; b[2]       ; HEX1_D[3]   ; 8.120 ;       ;       ; 8.517 ;
; b[2]       ; HEX1_D[4]   ; 8.120 ;       ;       ; 8.517 ;
; b[2]       ; HEX1_D[5]   ; 8.283 ;       ;       ; 8.693 ;
; b[3]       ; HEX0_D[0]   ; 8.555 ; 8.542 ; 8.899 ; 8.908 ;
; b[3]       ; HEX0_D[1]   ; 8.541 ; 8.419 ; 8.885 ; 8.806 ;
; b[3]       ; HEX0_D[2]   ; 8.644 ; 8.753 ; 9.020 ; 9.097 ;
; b[3]       ; HEX0_D[3]   ; 8.767 ; 8.598 ; 9.111 ; 9.079 ;
; b[3]       ; HEX0_D[4]   ; 8.673 ; 8.536 ; 9.017 ; 9.017 ;
; b[3]       ; HEX0_D[5]   ; 9.006 ; 8.975 ; 9.350 ; 9.341 ;
; b[3]       ; HEX0_D[6]   ; 8.919 ; 8.702 ; 9.263 ; 9.183 ;
; b[3]       ; HEX1_D[0]   ; 8.560 ;       ;       ; 9.165 ;
; b[3]       ; HEX1_D[3]   ; 8.304 ;       ;       ; 8.925 ;
; b[3]       ; HEX1_D[4]   ; 8.304 ;       ;       ; 8.925 ;
; b[3]       ; HEX1_D[5]   ; 8.467 ;       ;       ; 9.101 ;
+------------+-------------+-------+-------+-------+-------+


+----------------------------------------------------------+
; Minimum Propagation Delay                                ;
+------------+-------------+-------+-------+-------+-------+
; Input Port ; Output Port ; RR    ; RF    ; FR    ; FF    ;
+------------+-------------+-------+-------+-------+-------+
; a[0]       ; HEX0_D[0]   ; 7.854 ; 7.917 ; 8.266 ; 8.294 ;
; a[0]       ; HEX0_D[1]   ; 7.858 ; 7.789 ; 8.270 ; 8.201 ;
; a[0]       ; HEX0_D[2]   ; 8.088 ; 8.108 ; 8.442 ; 8.520 ;
; a[0]       ; HEX0_D[3]   ; 8.059 ; 8.083 ; 8.471 ; 8.445 ;
; a[0]       ; HEX0_D[4]   ; 7.994 ; 8.038 ; 8.406 ; 8.392 ;
; a[0]       ; HEX0_D[5]   ; 8.301 ; 8.311 ; 8.713 ; 8.695 ;
; a[0]       ; HEX0_D[6]   ; 8.219 ; 8.191 ; 8.631 ; 8.545 ;
; a[0]       ; HEX1_D[0]   ; 8.118 ;       ;       ; 8.554 ;
; a[0]       ; HEX1_D[3]   ; 7.872 ;       ;       ; 8.323 ;
; a[0]       ; HEX1_D[4]   ; 7.872 ;       ;       ; 8.323 ;
; a[0]       ; HEX1_D[5]   ; 8.028 ;       ;       ; 8.492 ;
; a[1]       ; HEX0_D[0]   ; 7.850 ; 7.849 ; 8.242 ; 8.241 ;
; a[1]       ; HEX0_D[1]   ; 7.854 ; 7.760 ; 8.246 ; 8.152 ;
; a[1]       ; HEX0_D[2]   ; 8.002 ; 8.121 ; 8.394 ; 8.485 ;
; a[1]       ; HEX0_D[3]   ; 8.053 ; 8.015 ; 8.445 ; 8.407 ;
; a[1]       ; HEX0_D[4]   ; 8.031 ; 7.962 ; 8.395 ; 8.354 ;
; a[1]       ; HEX0_D[5]   ; 8.285 ; 8.266 ; 8.677 ; 8.658 ;
; a[1]       ; HEX0_D[6]   ; 8.201 ; 8.114 ; 8.593 ; 8.506 ;
; a[1]       ; HEX1_D[0]   ; 8.299 ;       ;       ; 8.713 ;
; a[1]       ; HEX1_D[3]   ; 8.053 ;       ;       ; 8.482 ;
; a[1]       ; HEX1_D[4]   ; 8.053 ;       ;       ; 8.482 ;
; a[1]       ; HEX1_D[5]   ; 8.209 ;       ;       ; 8.651 ;
; a[2]       ; HEX0_D[0]   ; 7.998 ; 7.993 ; 8.393 ; 8.388 ;
; a[2]       ; HEX0_D[1]   ; 7.999 ; 7.982 ; 8.394 ; 8.339 ;
; a[2]       ; HEX0_D[2]   ; 8.147 ; 8.222 ; 8.542 ; 8.617 ;
; a[2]       ; HEX0_D[3]   ; 8.197 ; 8.157 ; 8.592 ; 8.552 ;
; a[2]       ; HEX0_D[4]   ; 8.126 ; 8.105 ; 8.521 ; 8.500 ;
; a[2]       ; HEX0_D[5]   ; 8.432 ; 8.409 ; 8.827 ; 8.804 ;
; a[2]       ; HEX0_D[6]   ; 8.346 ; 8.257 ; 8.741 ; 8.652 ;
; a[2]       ; HEX1_D[0]   ; 8.242 ;       ;       ; 8.668 ;
; a[2]       ; HEX1_D[3]   ; 7.996 ;       ;       ; 8.437 ;
; a[2]       ; HEX1_D[4]   ; 7.996 ;       ;       ; 8.437 ;
; a[2]       ; HEX1_D[5]   ; 8.152 ;       ;       ; 8.606 ;
; a[3]       ; HEX0_D[0]   ; 7.849 ; 7.943 ; 8.243 ; 8.324 ;
; a[3]       ; HEX0_D[1]   ; 7.851 ; 7.779 ; 8.245 ; 8.173 ;
; a[3]       ; HEX0_D[2]   ; 8.003 ; 8.104 ; 8.397 ; 8.498 ;
; a[3]       ; HEX0_D[3]   ; 8.181 ; 8.070 ; 8.547 ; 8.464 ;
; a[3]       ; HEX0_D[4]   ; 8.094 ; 8.001 ; 8.460 ; 8.395 ;
; a[3]       ; HEX0_D[5]   ; 8.321 ; 8.305 ; 8.715 ; 8.699 ;
; a[3]       ; HEX0_D[6]   ; 8.315 ; 8.161 ; 8.681 ; 8.555 ;
; a[3]       ; HEX1_D[0]   ; 8.002 ;       ;       ; 8.418 ;
; a[3]       ; HEX1_D[3]   ; 7.756 ;       ;       ; 8.187 ;
; a[3]       ; HEX1_D[4]   ; 7.756 ;       ;       ; 8.187 ;
; a[3]       ; HEX1_D[5]   ; 7.912 ;       ;       ; 8.356 ;
; b[0]       ; HEX0_D[0]   ; 8.082 ; 8.145 ; 8.496 ; 8.512 ;
; b[0]       ; HEX0_D[1]   ; 8.086 ; 8.017 ; 8.500 ; 8.423 ;
; b[0]       ; HEX0_D[2]   ; 8.321 ; 8.336 ; 8.663 ; 8.750 ;
; b[0]       ; HEX0_D[3]   ; 8.287 ; 8.311 ; 8.701 ; 8.666 ;
; b[0]       ; HEX0_D[4]   ; 8.222 ; 8.271 ; 8.636 ; 8.613 ;
; b[0]       ; HEX0_D[5]   ; 8.529 ; 8.539 ; 8.943 ; 8.916 ;
; b[0]       ; HEX0_D[6]   ; 8.447 ; 8.424 ; 8.861 ; 8.766 ;
; b[0]       ; HEX1_D[0]   ; 8.350 ;       ;       ; 8.772 ;
; b[0]       ; HEX1_D[3]   ; 8.104 ;       ;       ; 8.541 ;
; b[0]       ; HEX1_D[4]   ; 8.104 ;       ;       ; 8.541 ;
; b[0]       ; HEX1_D[5]   ; 8.260 ;       ;       ; 8.710 ;
; b[1]       ; HEX0_D[0]   ; 7.874 ; 7.873 ; 8.288 ; 8.287 ;
; b[1]       ; HEX0_D[1]   ; 7.878 ; 7.784 ; 8.292 ; 8.198 ;
; b[1]       ; HEX0_D[2]   ; 8.026 ; 8.143 ; 8.440 ; 8.531 ;
; b[1]       ; HEX0_D[3]   ; 8.077 ; 8.039 ; 8.491 ; 8.453 ;
; b[1]       ; HEX0_D[4]   ; 8.053 ; 7.986 ; 8.441 ; 8.400 ;
; b[1]       ; HEX0_D[5]   ; 8.309 ; 8.290 ; 8.723 ; 8.704 ;
; b[1]       ; HEX0_D[6]   ; 8.225 ; 8.138 ; 8.639 ; 8.552 ;
; b[1]       ; HEX1_D[0]   ; 8.325 ;       ;       ; 8.746 ;
; b[1]       ; HEX1_D[3]   ; 8.079 ;       ;       ; 8.515 ;
; b[1]       ; HEX1_D[4]   ; 8.079 ;       ;       ; 8.515 ;
; b[1]       ; HEX1_D[5]   ; 8.235 ;       ;       ; 8.684 ;
; b[2]       ; HEX0_D[0]   ; 7.694 ; 7.689 ; 8.106 ; 8.101 ;
; b[2]       ; HEX0_D[1]   ; 7.695 ; 7.677 ; 8.107 ; 8.052 ;
; b[2]       ; HEX0_D[2]   ; 7.843 ; 7.918 ; 8.255 ; 8.330 ;
; b[2]       ; HEX0_D[3]   ; 7.893 ; 7.853 ; 8.305 ; 8.265 ;
; b[2]       ; HEX0_D[4]   ; 7.822 ; 7.801 ; 8.234 ; 8.213 ;
; b[2]       ; HEX0_D[5]   ; 8.128 ; 8.105 ; 8.540 ; 8.517 ;
; b[2]       ; HEX0_D[6]   ; 8.042 ; 7.953 ; 8.454 ; 8.365 ;
; b[2]       ; HEX1_D[0]   ; 7.938 ;       ;       ; 8.378 ;
; b[2]       ; HEX1_D[3]   ; 7.692 ;       ;       ; 8.147 ;
; b[2]       ; HEX1_D[4]   ; 7.692 ;       ;       ; 8.147 ;
; b[2]       ; HEX1_D[5]   ; 7.848 ;       ;       ; 8.316 ;
; b[3]       ; HEX0_D[0]   ; 8.087 ; 8.181 ; 8.501 ; 8.582 ;
; b[3]       ; HEX0_D[1]   ; 8.089 ; 8.017 ; 8.503 ; 8.431 ;
; b[3]       ; HEX0_D[2]   ; 8.241 ; 8.342 ; 8.655 ; 8.756 ;
; b[3]       ; HEX0_D[3]   ; 8.417 ; 8.308 ; 8.805 ; 8.722 ;
; b[3]       ; HEX0_D[4]   ; 8.330 ; 8.239 ; 8.718 ; 8.653 ;
; b[3]       ; HEX0_D[5]   ; 8.559 ; 8.543 ; 8.973 ; 8.957 ;
; b[3]       ; HEX0_D[6]   ; 8.551 ; 8.399 ; 8.939 ; 8.813 ;
; b[3]       ; HEX1_D[0]   ; 8.242 ;       ;       ; 8.663 ;
; b[3]       ; HEX1_D[3]   ; 7.996 ;       ;       ; 8.432 ;
; b[3]       ; HEX1_D[4]   ; 7.996 ;       ;       ; 8.432 ;
; b[3]       ; HEX1_D[5]   ; 8.152 ;       ;       ; 8.601 ;
+------------+-------------+-------+-------+-------+-------+


----------------------------------------------
; Slow 1200mV 85C Model Metastability Report ;
----------------------------------------------
No synchronizer chains to report.


-------------------------------------
; Slow 1200mV 0C Model Fmax Summary ;
-------------------------------------
No paths to report.


--------------------------------------
; Slow 1200mV 0C Model Setup Summary ;
--------------------------------------
No paths to report.


-------------------------------------
; Slow 1200mV 0C Model Hold Summary ;
-------------------------------------
No paths to report.


-----------------------------------------
; Slow 1200mV 0C Model Recovery Summary ;
-----------------------------------------
No paths to report.


----------------------------------------
; Slow 1200mV 0C Model Removal Summary ;
----------------------------------------
No paths to report.


----------------------------------------------------
; Slow 1200mV 0C Model Minimum Pulse Width Summary ;
----------------------------------------------------
No paths to report.


+----------------------------------------------------------+
; Propagation Delay                                        ;
+------------+-------------+-------+-------+-------+-------+
; Input Port ; Output Port ; RR    ; RF    ; FR    ; FF    ;
+------------+-------------+-------+-------+-------+-------+
; a[0]       ; HEX0_D[0]   ; 8.173 ; 8.107 ; 8.365 ; 8.299 ;
; a[0]       ; HEX0_D[1]   ; 8.171 ; 8.031 ; 8.363 ; 8.221 ;
; a[0]       ; HEX0_D[2]   ; 8.272 ; 8.292 ; 8.464 ; 8.484 ;
; a[0]       ; HEX0_D[3]   ; 8.376 ; 8.247 ; 8.568 ; 8.399 ;
; a[0]       ; HEX0_D[4]   ; 8.292 ; 8.173 ; 8.484 ; 8.325 ;
; a[0]       ; HEX0_D[5]   ; 8.604 ; 8.501 ; 8.796 ; 8.693 ;
; a[0]       ; HEX0_D[6]   ; 8.513 ; 8.354 ; 8.705 ; 8.506 ;
; a[0]       ; HEX1_D[0]   ; 7.908 ;       ;       ; 8.154 ;
; a[0]       ; HEX1_D[3]   ; 7.674 ;       ;       ; 7.922 ;
; a[0]       ; HEX1_D[4]   ; 7.674 ;       ;       ; 7.922 ;
; a[0]       ; HEX1_D[5]   ; 7.819 ;       ;       ; 8.099 ;
; a[1]       ; HEX0_D[0]   ; 8.239 ; 8.173 ; 8.609 ; 8.543 ;
; a[1]       ; HEX0_D[1]   ; 8.237 ; 8.097 ; 8.607 ; 8.465 ;
; a[1]       ; HEX0_D[2]   ; 8.338 ; 8.358 ; 8.708 ; 8.728 ;
; a[1]       ; HEX0_D[3]   ; 8.442 ; 8.313 ; 8.812 ; 8.643 ;
; a[1]       ; HEX0_D[4]   ; 8.358 ; 8.239 ; 8.728 ; 8.569 ;
; a[1]       ; HEX0_D[5]   ; 8.670 ; 8.567 ; 9.040 ; 8.937 ;
; a[1]       ; HEX0_D[6]   ; 8.579 ; 8.420 ; 8.949 ; 8.750 ;
; a[1]       ; HEX1_D[0]   ; 7.974 ;       ;       ; 8.398 ;
; a[1]       ; HEX1_D[3]   ; 7.740 ;       ;       ; 8.166 ;
; a[1]       ; HEX1_D[4]   ; 7.740 ;       ;       ; 8.166 ;
; a[1]       ; HEX1_D[5]   ; 7.885 ;       ;       ; 8.343 ;
; a[2]       ; HEX0_D[0]   ; 8.294 ; 8.228 ; 8.475 ; 8.409 ;
; a[2]       ; HEX0_D[1]   ; 8.292 ; 8.152 ; 8.473 ; 8.331 ;
; a[2]       ; HEX0_D[2]   ; 8.393 ; 8.413 ; 8.574 ; 8.594 ;
; a[2]       ; HEX0_D[3]   ; 8.497 ; 8.368 ; 8.678 ; 8.509 ;
; a[2]       ; HEX0_D[4]   ; 8.413 ; 8.294 ; 8.594 ; 8.435 ;
; a[2]       ; HEX0_D[5]   ; 8.725 ; 8.622 ; 8.906 ; 8.803 ;
; a[2]       ; HEX0_D[6]   ; 8.634 ; 8.475 ; 8.815 ; 8.616 ;
; a[2]       ; HEX1_D[0]   ; 8.029 ;       ;       ; 8.264 ;
; a[2]       ; HEX1_D[3]   ; 7.795 ;       ;       ; 8.032 ;
; a[2]       ; HEX1_D[4]   ; 7.795 ;       ;       ; 8.032 ;
; a[2]       ; HEX1_D[5]   ; 7.940 ;       ;       ; 8.209 ;
; a[3]       ; HEX0_D[0]   ; 7.681 ; 7.615 ; 7.947 ; 7.911 ;
; a[3]       ; HEX0_D[1]   ; 7.679 ; 7.537 ; 7.945 ; 7.853 ;
; a[3]       ; HEX0_D[2]   ; 7.780 ; 7.800 ; 8.090 ; 8.066 ;
; a[3]       ; HEX0_D[3]   ; 7.884 ; 7.670 ; 8.150 ; 8.069 ;
; a[3]       ; HEX0_D[4]   ; 7.800 ; 7.596 ; 8.066 ; 7.995 ;
; a[3]       ; HEX0_D[5]   ; 8.112 ; 8.009 ; 8.378 ; 8.304 ;
; a[3]       ; HEX0_D[6]   ; 8.021 ; 7.777 ; 8.287 ; 8.176 ;
; a[3]       ; HEX1_D[0]   ; 7.696 ;       ;       ; 8.133 ;
; a[3]       ; HEX1_D[3]   ; 7.462 ;       ;       ; 7.901 ;
; a[3]       ; HEX1_D[4]   ; 7.462 ;       ;       ; 7.901 ;
; a[3]       ; HEX1_D[5]   ; 7.607 ;       ;       ; 8.078 ;
; b[0]       ; HEX0_D[0]   ; 8.391 ; 8.325 ; 8.568 ; 8.502 ;
; b[0]       ; HEX0_D[1]   ; 8.389 ; 8.249 ; 8.566 ; 8.424 ;
; b[0]       ; HEX0_D[2]   ; 8.490 ; 8.510 ; 8.667 ; 8.687 ;
; b[0]       ; HEX0_D[3]   ; 8.594 ; 8.465 ; 8.771 ; 8.602 ;
; b[0]       ; HEX0_D[4]   ; 8.510 ; 8.391 ; 8.687 ; 8.528 ;
; b[0]       ; HEX0_D[5]   ; 8.822 ; 8.719 ; 8.999 ; 8.896 ;
; b[0]       ; HEX0_D[6]   ; 8.731 ; 8.572 ; 8.908 ; 8.709 ;
; b[0]       ; HEX1_D[0]   ; 8.126 ;       ;       ; 8.357 ;
; b[0]       ; HEX1_D[3]   ; 7.892 ;       ;       ; 8.125 ;
; b[0]       ; HEX1_D[4]   ; 7.892 ;       ;       ; 8.125 ;
; b[0]       ; HEX1_D[5]   ; 8.037 ;       ;       ; 8.302 ;
; b[1]       ; HEX0_D[0]   ; 8.257 ; 8.191 ; 8.636 ; 8.570 ;
; b[1]       ; HEX0_D[1]   ; 8.255 ; 8.115 ; 8.634 ; 8.492 ;
; b[1]       ; HEX0_D[2]   ; 8.356 ; 8.376 ; 8.735 ; 8.755 ;
; b[1]       ; HEX0_D[3]   ; 8.460 ; 8.331 ; 8.839 ; 8.670 ;
; b[1]       ; HEX0_D[4]   ; 8.376 ; 8.257 ; 8.755 ; 8.596 ;
; b[1]       ; HEX0_D[5]   ; 8.688 ; 8.585 ; 9.067 ; 8.964 ;
; b[1]       ; HEX0_D[6]   ; 8.597 ; 8.438 ; 8.976 ; 8.777 ;
; b[1]       ; HEX1_D[0]   ; 7.992 ;       ;       ; 8.425 ;
; b[1]       ; HEX1_D[3]   ; 7.758 ;       ;       ; 8.193 ;
; b[1]       ; HEX1_D[4]   ; 7.758 ;       ;       ; 8.193 ;
; b[1]       ; HEX1_D[5]   ; 7.903 ;       ;       ; 8.370 ;
; b[2]       ; HEX0_D[0]   ; 8.012 ; 7.946 ; 8.207 ; 8.141 ;
; b[2]       ; HEX0_D[1]   ; 8.010 ; 7.870 ; 8.205 ; 8.063 ;
; b[2]       ; HEX0_D[2]   ; 8.111 ; 8.131 ; 8.306 ; 8.326 ;
; b[2]       ; HEX0_D[3]   ; 8.215 ; 8.086 ; 8.410 ; 8.241 ;
; b[2]       ; HEX0_D[4]   ; 8.131 ; 8.012 ; 8.326 ; 8.167 ;
; b[2]       ; HEX0_D[5]   ; 8.443 ; 8.340 ; 8.638 ; 8.535 ;
; b[2]       ; HEX0_D[6]   ; 8.352 ; 8.193 ; 8.547 ; 8.348 ;
; b[2]       ; HEX1_D[0]   ; 7.747 ;       ;       ; 7.996 ;
; b[2]       ; HEX1_D[3]   ; 7.513 ;       ;       ; 7.764 ;
; b[2]       ; HEX1_D[4]   ; 7.513 ;       ;       ; 7.764 ;
; b[2]       ; HEX1_D[5]   ; 7.658 ;       ;       ; 7.941 ;
; b[3]       ; HEX0_D[0]   ; 7.906 ; 7.840 ; 8.181 ; 8.136 ;
; b[3]       ; HEX0_D[1]   ; 7.904 ; 7.762 ; 8.179 ; 8.078 ;
; b[3]       ; HEX0_D[2]   ; 8.005 ; 8.025 ; 8.315 ; 8.300 ;
; b[3]       ; HEX0_D[3]   ; 8.109 ; 7.899 ; 8.384 ; 8.294 ;
; b[3]       ; HEX0_D[4]   ; 8.025 ; 7.825 ; 8.300 ; 8.220 ;
; b[3]       ; HEX0_D[5]   ; 8.337 ; 8.234 ; 8.612 ; 8.529 ;
; b[3]       ; HEX0_D[6]   ; 8.246 ; 8.006 ; 8.521 ; 8.401 ;
; b[3]       ; HEX1_D[0]   ; 7.921 ;       ;       ; 8.356 ;
; b[3]       ; HEX1_D[3]   ; 7.687 ;       ;       ; 8.124 ;
; b[3]       ; HEX1_D[4]   ; 7.687 ;       ;       ; 8.124 ;
; b[3]       ; HEX1_D[5]   ; 7.832 ;       ;       ; 8.301 ;
+------------+-------------+-------+-------+-------+-------+


+----------------------------------------------------------+
; Minimum Propagation Delay                                ;
+------------+-------------+-------+-------+-------+-------+
; Input Port ; Output Port ; RR    ; RF    ; FR    ; FF    ;
+------------+-------------+-------+-------+-------+-------+
; a[0]       ; HEX0_D[0]   ; 7.277 ; 7.283 ; 7.618 ; 7.599 ;
; a[0]       ; HEX0_D[1]   ; 7.285 ; 7.197 ; 7.626 ; 7.538 ;
; a[0]       ; HEX0_D[2]   ; 7.500 ; 7.449 ; 7.792 ; 7.790 ;
; a[0]       ; HEX0_D[3]   ; 7.474 ; 7.436 ; 7.815 ; 7.731 ;
; a[0]       ; HEX0_D[4]   ; 7.413 ; 7.371 ; 7.754 ; 7.663 ;
; a[0]       ; HEX0_D[5]   ; 7.703 ; 7.635 ; 8.044 ; 7.955 ;
; a[0]       ; HEX0_D[6]   ; 7.618 ; 7.541 ; 7.959 ; 7.833 ;
; a[0]       ; HEX1_D[0]   ; 7.524 ;       ;       ; 7.822 ;
; a[0]       ; HEX1_D[3]   ; 7.299 ;       ;       ; 7.599 ;
; a[0]       ; HEX1_D[4]   ; 7.299 ;       ;       ; 7.599 ;
; a[0]       ; HEX1_D[5]   ; 7.438 ;       ;       ; 7.769 ;
; a[1]       ; HEX0_D[0]   ; 7.289 ; 7.233 ; 7.608 ; 7.552 ;
; a[1]       ; HEX0_D[1]   ; 7.298 ; 7.183 ; 7.617 ; 7.502 ;
; a[1]       ; HEX0_D[2]   ; 7.442 ; 7.472 ; 7.761 ; 7.762 ;
; a[1]       ; HEX0_D[3]   ; 7.484 ; 7.386 ; 7.803 ; 7.705 ;
; a[1]       ; HEX0_D[4]   ; 7.451 ; 7.320 ; 7.741 ; 7.639 ;
; a[1]       ; HEX0_D[5]   ; 7.701 ; 7.610 ; 8.020 ; 7.929 ;
; a[1]       ; HEX0_D[6]   ; 7.616 ; 7.488 ; 7.935 ; 7.807 ;
; a[1]       ; HEX1_D[0]   ; 7.694 ;       ;       ; 7.964 ;
; a[1]       ; HEX1_D[3]   ; 7.469 ;       ;       ; 7.741 ;
; a[1]       ; HEX1_D[4]   ; 7.469 ;       ;       ; 7.741 ;
; a[1]       ; HEX1_D[5]   ; 7.608 ;       ;       ; 7.911 ;
; a[2]       ; HEX0_D[0]   ; 7.409 ; 7.349 ; 7.734 ; 7.674 ;
; a[2]       ; HEX0_D[1]   ; 7.415 ; 7.374 ; 7.740 ; 7.663 ;
; a[2]       ; HEX0_D[2]   ; 7.561 ; 7.551 ; 7.886 ; 7.876 ;
; a[2]       ; HEX0_D[3]   ; 7.601 ; 7.501 ; 7.926 ; 7.826 ;
; a[2]       ; HEX0_D[4]   ; 7.533 ; 7.435 ; 7.858 ; 7.760 ;
; a[2]       ; HEX0_D[5]   ; 7.821 ; 7.726 ; 8.146 ; 8.051 ;
; a[2]       ; HEX0_D[6]   ; 7.734 ; 7.604 ; 8.059 ; 7.929 ;
; a[2]       ; HEX1_D[0]   ; 7.640 ;       ;       ; 7.928 ;
; a[2]       ; HEX1_D[3]   ; 7.415 ;       ;       ; 7.705 ;
; a[2]       ; HEX1_D[4]   ; 7.415 ;       ;       ; 7.705 ;
; a[2]       ; HEX1_D[5]   ; 7.554 ;       ;       ; 7.875 ;
; a[3]       ; HEX0_D[0]   ; 7.281 ; 7.311 ; 7.613 ; 7.627 ;
; a[3]       ; HEX0_D[1]   ; 7.288 ; 7.198 ; 7.620 ; 7.530 ;
; a[3]       ; HEX0_D[2]   ; 7.436 ; 7.454 ; 7.768 ; 7.786 ;
; a[3]       ; HEX0_D[3]   ; 7.593 ; 7.434 ; 7.896 ; 7.766 ;
; a[3]       ; HEX0_D[4]   ; 7.510 ; 7.346 ; 7.813 ; 7.678 ;
; a[3]       ; HEX0_D[5]   ; 7.725 ; 7.637 ; 8.057 ; 7.969 ;
; a[3]       ; HEX0_D[6]   ; 7.711 ; 7.524 ; 8.014 ; 7.856 ;
; a[3]       ; HEX1_D[0]   ; 7.428 ;       ;       ; 7.711 ;
; a[3]       ; HEX1_D[3]   ; 7.203 ;       ;       ; 7.488 ;
; a[3]       ; HEX1_D[4]   ; 7.203 ;       ;       ; 7.488 ;
; a[3]       ; HEX1_D[5]   ; 7.342 ;       ;       ; 7.658 ;
; b[0]       ; HEX0_D[0]   ; 7.482 ; 7.488 ; 7.820 ; 7.789 ;
; b[0]       ; HEX0_D[1]   ; 7.490 ; 7.402 ; 7.828 ; 7.739 ;
; b[0]       ; HEX0_D[2]   ; 7.709 ; 7.654 ; 7.987 ; 7.992 ;
; b[0]       ; HEX0_D[3]   ; 7.679 ; 7.641 ; 8.017 ; 7.926 ;
; b[0]       ; HEX0_D[4]   ; 7.618 ; 7.580 ; 7.956 ; 7.858 ;
; b[0]       ; HEX0_D[5]   ; 7.908 ; 7.840 ; 8.246 ; 8.150 ;
; b[0]       ; HEX0_D[6]   ; 7.823 ; 7.750 ; 8.161 ; 8.028 ;
; b[0]       ; HEX1_D[0]   ; 7.733 ;       ;       ; 8.012 ;
; b[0]       ; HEX1_D[3]   ; 7.508 ;       ;       ; 7.789 ;
; b[0]       ; HEX1_D[4]   ; 7.508 ;       ;       ; 7.789 ;
; b[0]       ; HEX1_D[5]   ; 7.647 ;       ;       ; 7.959 ;
; b[1]       ; HEX0_D[0]   ; 7.305 ; 7.249 ; 7.642 ; 7.586 ;
; b[1]       ; HEX0_D[1]   ; 7.314 ; 7.199 ; 7.651 ; 7.536 ;
; b[1]       ; HEX0_D[2]   ; 7.458 ; 7.487 ; 7.795 ; 7.796 ;
; b[1]       ; HEX0_D[3]   ; 7.500 ; 7.402 ; 7.837 ; 7.739 ;
; b[1]       ; HEX0_D[4]   ; 7.466 ; 7.336 ; 7.775 ; 7.673 ;
; b[1]       ; HEX0_D[5]   ; 7.717 ; 7.626 ; 8.054 ; 7.963 ;
; b[1]       ; HEX0_D[6]   ; 7.632 ; 7.504 ; 7.969 ; 7.841 ;
; b[1]       ; HEX1_D[0]   ; 7.710 ;       ;       ; 7.988 ;
; b[1]       ; HEX1_D[3]   ; 7.485 ;       ;       ; 7.765 ;
; b[1]       ; HEX1_D[4]   ; 7.485 ;       ;       ; 7.765 ;
; b[1]       ; HEX1_D[5]   ; 7.624 ;       ;       ; 7.935 ;
; b[2]       ; HEX0_D[0]   ; 7.138 ; 7.078 ; 7.476 ; 7.416 ;
; b[2]       ; HEX0_D[1]   ; 7.144 ; 7.101 ; 7.482 ; 7.406 ;
; b[2]       ; HEX0_D[2]   ; 7.290 ; 7.280 ; 7.628 ; 7.618 ;
; b[2]       ; HEX0_D[3]   ; 7.330 ; 7.230 ; 7.668 ; 7.568 ;
; b[2]       ; HEX0_D[4]   ; 7.262 ; 7.164 ; 7.600 ; 7.502 ;
; b[2]       ; HEX0_D[5]   ; 7.550 ; 7.455 ; 7.888 ; 7.793 ;
; b[2]       ; HEX0_D[6]   ; 7.463 ; 7.333 ; 7.801 ; 7.671 ;
; b[2]       ; HEX1_D[0]   ; 7.370 ;       ;       ; 7.666 ;
; b[2]       ; HEX1_D[3]   ; 7.145 ;       ;       ; 7.443 ;
; b[2]       ; HEX1_D[4]   ; 7.145 ;       ;       ; 7.443 ;
; b[2]       ; HEX1_D[5]   ; 7.284 ;       ;       ; 7.613 ;
; b[3]       ; HEX0_D[0]   ; 7.496 ; 7.526 ; 7.835 ; 7.849 ;
; b[3]       ; HEX0_D[1]   ; 7.503 ; 7.413 ; 7.842 ; 7.752 ;
; b[3]       ; HEX0_D[2]   ; 7.651 ; 7.669 ; 7.990 ; 8.008 ;
; b[3]       ; HEX0_D[3]   ; 7.807 ; 7.649 ; 8.118 ; 7.988 ;
; b[3]       ; HEX0_D[4]   ; 7.724 ; 7.561 ; 8.035 ; 7.900 ;
; b[3]       ; HEX0_D[5]   ; 7.940 ; 7.852 ; 8.279 ; 8.191 ;
; b[3]       ; HEX0_D[6]   ; 7.925 ; 7.739 ; 8.236 ; 8.078 ;
; b[3]       ; HEX1_D[0]   ; 7.643 ;       ;       ; 7.923 ;
; b[3]       ; HEX1_D[3]   ; 7.418 ;       ;       ; 7.700 ;
; b[3]       ; HEX1_D[4]   ; 7.418 ;       ;       ; 7.700 ;
; b[3]       ; HEX1_D[5]   ; 7.557 ;       ;       ; 7.870 ;
+------------+-------------+-------+-------+-------+-------+


---------------------------------------------
; Slow 1200mV 0C Model Metastability Report ;
---------------------------------------------
No synchronizer chains to report.


--------------------------------------
; Fast 1200mV 0C Model Setup Summary ;
--------------------------------------
No paths to report.


-------------------------------------
; Fast 1200mV 0C Model Hold Summary ;
-------------------------------------
No paths to report.


-----------------------------------------
; Fast 1200mV 0C Model Recovery Summary ;
-----------------------------------------
No paths to report.


----------------------------------------
; Fast 1200mV 0C Model Removal Summary ;
----------------------------------------
No paths to report.


----------------------------------------------------
; Fast 1200mV 0C Model Minimum Pulse Width Summary ;
----------------------------------------------------
No paths to report.


+----------------------------------------------------------+
; Propagation Delay                                        ;
+------------+-------------+-------+-------+-------+-------+
; Input Port ; Output Port ; RR    ; RF    ; FR    ; FF    ;
+------------+-------------+-------+-------+-------+-------+
; a[0]       ; HEX0_D[0]   ; 5.147 ; 5.253 ; 5.624 ; 5.730 ;
; a[0]       ; HEX0_D[1]   ; 5.127 ; 5.196 ; 5.604 ; 5.673 ;
; a[0]       ; HEX0_D[2]   ; 5.219 ; 5.373 ; 5.696 ; 5.850 ;
; a[0]       ; HEX0_D[3]   ; 5.245 ; 5.334 ; 5.722 ; 5.786 ;
; a[0]       ; HEX0_D[4]   ; 5.215 ; 5.289 ; 5.692 ; 5.741 ;
; a[0]       ; HEX0_D[5]   ; 5.407 ; 5.536 ; 5.884 ; 6.013 ;
; a[0]       ; HEX0_D[6]   ; 5.321 ; 5.401 ; 5.798 ; 5.853 ;
; a[0]       ; HEX1_D[0]   ; 4.939 ;       ;       ; 5.639 ;
; a[0]       ; HEX1_D[3]   ; 4.820 ;       ;       ; 5.490 ;
; a[0]       ; HEX1_D[4]   ; 4.820 ;       ;       ; 5.490 ;
; a[0]       ; HEX1_D[5]   ; 4.926 ;       ;       ; 5.628 ;
; a[1]       ; HEX0_D[0]   ; 5.191 ; 5.297 ; 5.810 ; 5.916 ;
; a[1]       ; HEX0_D[1]   ; 5.171 ; 5.240 ; 5.790 ; 5.859 ;
; a[1]       ; HEX0_D[2]   ; 5.263 ; 5.417 ; 5.882 ; 6.036 ;
; a[1]       ; HEX0_D[3]   ; 5.289 ; 5.378 ; 5.908 ; 5.972 ;
; a[1]       ; HEX0_D[4]   ; 5.259 ; 5.333 ; 5.878 ; 5.927 ;
; a[1]       ; HEX0_D[5]   ; 5.451 ; 5.580 ; 6.070 ; 6.199 ;
; a[1]       ; HEX0_D[6]   ; 5.365 ; 5.445 ; 5.984 ; 6.039 ;
; a[1]       ; HEX1_D[0]   ; 4.983 ;       ;       ; 5.825 ;
; a[1]       ; HEX1_D[3]   ; 4.864 ;       ;       ; 5.676 ;
; a[1]       ; HEX1_D[4]   ; 4.864 ;       ;       ; 5.676 ;
; a[1]       ; HEX1_D[5]   ; 4.970 ;       ;       ; 5.814 ;
; a[2]       ; HEX0_D[0]   ; 5.223 ; 5.329 ; 5.702 ; 5.808 ;
; a[2]       ; HEX0_D[1]   ; 5.203 ; 5.272 ; 5.682 ; 5.751 ;
; a[2]       ; HEX0_D[2]   ; 5.295 ; 5.449 ; 5.774 ; 5.928 ;
; a[2]       ; HEX0_D[3]   ; 5.321 ; 5.410 ; 5.800 ; 5.864 ;
; a[2]       ; HEX0_D[4]   ; 5.291 ; 5.365 ; 5.770 ; 5.819 ;
; a[2]       ; HEX0_D[5]   ; 5.483 ; 5.612 ; 5.962 ; 6.091 ;
; a[2]       ; HEX0_D[6]   ; 5.397 ; 5.477 ; 5.876 ; 5.931 ;
; a[2]       ; HEX1_D[0]   ; 5.015 ;       ;       ; 5.717 ;
; a[2]       ; HEX1_D[3]   ; 4.896 ;       ;       ; 5.568 ;
; a[2]       ; HEX1_D[4]   ; 4.896 ;       ;       ; 5.568 ;
; a[2]       ; HEX1_D[5]   ; 5.002 ;       ;       ; 5.706 ;
; a[3]       ; HEX0_D[0]   ; 4.858 ; 4.964 ; 5.376 ; 5.493 ;
; a[3]       ; HEX0_D[1]   ; 4.838 ; 4.907 ; 5.356 ; 5.447 ;
; a[3]       ; HEX0_D[2]   ; 4.930 ; 5.084 ; 5.464 ; 5.602 ;
; a[3]       ; HEX0_D[3]   ; 4.956 ; 4.994 ; 5.474 ; 5.600 ;
; a[3]       ; HEX0_D[4]   ; 4.926 ; 4.949 ; 5.444 ; 5.555 ;
; a[3]       ; HEX0_D[5]   ; 5.118 ; 5.247 ; 5.636 ; 5.773 ;
; a[3]       ; HEX0_D[6]   ; 5.032 ; 5.061 ; 5.550 ; 5.667 ;
; a[3]       ; HEX1_D[0]   ; 4.817 ;       ;       ; 5.644 ;
; a[3]       ; HEX1_D[3]   ; 4.698 ;       ;       ; 5.495 ;
; a[3]       ; HEX1_D[4]   ; 4.698 ;       ;       ; 5.495 ;
; a[3]       ; HEX1_D[5]   ; 4.804 ;       ;       ; 5.633 ;
; b[0]       ; HEX0_D[0]   ; 5.283 ; 5.389 ; 5.780 ; 5.886 ;
; b[0]       ; HEX0_D[1]   ; 5.263 ; 5.332 ; 5.760 ; 5.829 ;
; b[0]       ; HEX0_D[2]   ; 5.355 ; 5.509 ; 5.852 ; 6.006 ;
; b[0]       ; HEX0_D[3]   ; 5.381 ; 5.470 ; 5.878 ; 5.942 ;
; b[0]       ; HEX0_D[4]   ; 5.351 ; 5.425 ; 5.848 ; 5.897 ;
; b[0]       ; HEX0_D[5]   ; 5.543 ; 5.672 ; 6.040 ; 6.169 ;
; b[0]       ; HEX0_D[6]   ; 5.457 ; 5.537 ; 5.954 ; 6.009 ;
; b[0]       ; HEX1_D[0]   ; 5.075 ;       ;       ; 5.795 ;
; b[0]       ; HEX1_D[3]   ; 4.956 ;       ;       ; 5.646 ;
; b[0]       ; HEX1_D[4]   ; 4.956 ;       ;       ; 5.646 ;
; b[0]       ; HEX1_D[5]   ; 5.062 ;       ;       ; 5.784 ;
; b[1]       ; HEX0_D[0]   ; 5.191 ; 5.297 ; 5.822 ; 5.928 ;
; b[1]       ; HEX0_D[1]   ; 5.171 ; 5.240 ; 5.802 ; 5.871 ;
; b[1]       ; HEX0_D[2]   ; 5.263 ; 5.417 ; 5.894 ; 6.048 ;
; b[1]       ; HEX0_D[3]   ; 5.289 ; 5.378 ; 5.920 ; 5.984 ;
; b[1]       ; HEX0_D[4]   ; 5.259 ; 5.333 ; 5.890 ; 5.939 ;
; b[1]       ; HEX0_D[5]   ; 5.451 ; 5.580 ; 6.082 ; 6.211 ;
; b[1]       ; HEX0_D[6]   ; 5.365 ; 5.445 ; 5.996 ; 6.051 ;
; b[1]       ; HEX1_D[0]   ; 4.983 ;       ;       ; 5.837 ;
; b[1]       ; HEX1_D[3]   ; 4.864 ;       ;       ; 5.688 ;
; b[1]       ; HEX1_D[4]   ; 4.864 ;       ;       ; 5.688 ;
; b[1]       ; HEX1_D[5]   ; 4.970 ;       ;       ; 5.826 ;
; b[2]       ; HEX0_D[0]   ; 5.048 ; 5.154 ; 5.524 ; 5.630 ;
; b[2]       ; HEX0_D[1]   ; 5.028 ; 5.097 ; 5.504 ; 5.573 ;
; b[2]       ; HEX0_D[2]   ; 5.120 ; 5.274 ; 5.596 ; 5.750 ;
; b[2]       ; HEX0_D[3]   ; 5.146 ; 5.235 ; 5.622 ; 5.686 ;
; b[2]       ; HEX0_D[4]   ; 5.116 ; 5.190 ; 5.592 ; 5.641 ;
; b[2]       ; HEX0_D[5]   ; 5.308 ; 5.437 ; 5.784 ; 5.913 ;
; b[2]       ; HEX0_D[6]   ; 5.222 ; 5.302 ; 5.698 ; 5.753 ;
; b[2]       ; HEX1_D[0]   ; 4.840 ;       ;       ; 5.539 ;
; b[2]       ; HEX1_D[3]   ; 4.721 ;       ;       ; 5.390 ;
; b[2]       ; HEX1_D[4]   ; 4.721 ;       ;       ; 5.390 ;
; b[2]       ; HEX1_D[5]   ; 4.827 ;       ;       ; 5.528 ;
; b[3]       ; HEX0_D[0]   ; 4.978 ; 5.084 ; 5.538 ; 5.650 ;
; b[3]       ; HEX0_D[1]   ; 4.958 ; 5.027 ; 5.518 ; 5.604 ;
; b[3]       ; HEX0_D[2]   ; 5.050 ; 5.204 ; 5.621 ; 5.764 ;
; b[3]       ; HEX0_D[3]   ; 5.076 ; 5.115 ; 5.636 ; 5.757 ;
; b[3]       ; HEX0_D[4]   ; 5.046 ; 5.070 ; 5.606 ; 5.712 ;
; b[3]       ; HEX0_D[5]   ; 5.238 ; 5.367 ; 5.798 ; 5.930 ;
; b[3]       ; HEX0_D[6]   ; 5.152 ; 5.182 ; 5.712 ; 5.824 ;
; b[3]       ; HEX1_D[0]   ; 4.937 ;       ;       ; 5.800 ;
; b[3]       ; HEX1_D[3]   ; 4.818 ;       ;       ; 5.651 ;
; b[3]       ; HEX1_D[4]   ; 4.818 ;       ;       ; 5.651 ;
; b[3]       ; HEX1_D[5]   ; 4.924 ;       ;       ; 5.789 ;
+------------+-------------+-------+-------+-------+-------+


+----------------------------------------------------------+
; Minimum Propagation Delay                                ;
+------------+-------------+-------+-------+-------+-------+
; Input Port ; Output Port ; RR    ; RF    ; FR    ; FF    ;
+------------+-------------+-------+-------+-------+-------+
; a[0]       ; HEX0_D[0]   ; 4.558 ; 4.706 ; 5.134 ; 5.262 ;
; a[0]       ; HEX0_D[1]   ; 4.547 ; 4.645 ; 5.123 ; 5.221 ;
; a[0]       ; HEX0_D[2]   ; 4.714 ; 4.813 ; 5.253 ; 5.389 ;
; a[0]       ; HEX0_D[3]   ; 4.652 ; 4.808 ; 5.228 ; 5.364 ;
; a[0]       ; HEX0_D[4]   ; 4.635 ; 4.788 ; 5.211 ; 5.327 ;
; a[0]       ; HEX0_D[5]   ; 4.811 ; 4.963 ; 5.387 ; 5.531 ;
; a[0]       ; HEX0_D[6]   ; 4.732 ; 4.890 ; 5.308 ; 5.429 ;
; a[0]       ; HEX1_D[0]   ; 4.690 ;       ;       ; 5.427 ;
; a[0]       ; HEX1_D[3]   ; 4.576 ;       ;       ; 5.284 ;
; a[0]       ; HEX1_D[4]   ; 4.576 ;       ;       ; 5.284 ;
; a[0]       ; HEX1_D[5]   ; 4.677 ;       ;       ; 5.415 ;
; a[1]       ; HEX0_D[0]   ; 4.570 ; 4.690 ; 5.139 ; 5.259 ;
; a[1]       ; HEX0_D[1]   ; 4.559 ; 4.649 ; 5.128 ; 5.218 ;
; a[1]       ; HEX0_D[2]   ; 4.681 ; 4.848 ; 5.250 ; 5.401 ;
; a[1]       ; HEX0_D[3]   ; 4.663 ; 4.792 ; 5.232 ; 5.361 ;
; a[1]       ; HEX0_D[4]   ; 4.676 ; 4.755 ; 5.229 ; 5.324 ;
; a[1]       ; HEX0_D[5]   ; 4.817 ; 4.959 ; 5.386 ; 5.528 ;
; a[1]       ; HEX0_D[6]   ; 4.738 ; 4.857 ; 5.307 ; 5.426 ;
; a[1]       ; HEX1_D[0]   ; 4.802 ;       ;       ; 5.543 ;
; a[1]       ; HEX1_D[3]   ; 4.688 ;       ;       ; 5.400 ;
; a[1]       ; HEX1_D[4]   ; 4.688 ;       ;       ; 5.400 ;
; a[1]       ; HEX1_D[5]   ; 4.789 ;       ;       ; 5.531 ;
; a[2]       ; HEX0_D[0]   ; 4.644 ; 4.759 ; 5.213 ; 5.328 ;
; a[2]       ; HEX0_D[1]   ; 4.633 ; 4.769 ; 5.202 ; 5.319 ;
; a[2]       ; HEX0_D[2]   ; 4.756 ; 4.889 ; 5.325 ; 5.458 ;
; a[2]       ; HEX0_D[3]   ; 4.737 ; 4.861 ; 5.306 ; 5.430 ;
; a[2]       ; HEX0_D[4]   ; 4.715 ; 4.823 ; 5.284 ; 5.392 ;
; a[2]       ; HEX0_D[5]   ; 4.890 ; 5.027 ; 5.459 ; 5.596 ;
; a[2]       ; HEX0_D[6]   ; 4.812 ; 4.926 ; 5.381 ; 5.495 ;
; a[2]       ; HEX1_D[0]   ; 4.762 ;       ;       ; 5.501 ;
; a[2]       ; HEX1_D[3]   ; 4.648 ;       ;       ; 5.358 ;
; a[2]       ; HEX1_D[4]   ; 4.648 ;       ;       ; 5.358 ;
; a[2]       ; HEX1_D[5]   ; 4.749 ;       ;       ; 5.489 ;
; a[3]       ; HEX0_D[0]   ; 4.583 ; 4.750 ; 5.138 ; 5.305 ;
; a[3]       ; HEX0_D[1]   ; 4.573 ; 4.669 ; 5.128 ; 5.224 ;
; a[3]       ; HEX0_D[2]   ; 4.696 ; 4.840 ; 5.251 ; 5.395 ;
; a[3]       ; HEX0_D[3]   ; 4.763 ; 4.831 ; 5.302 ; 5.386 ;
; a[3]       ; HEX0_D[4]   ; 4.735 ; 4.784 ; 5.274 ; 5.339 ;
; a[3]       ; HEX0_D[5]   ; 4.852 ; 4.989 ; 5.407 ; 5.544 ;
; a[3]       ; HEX0_D[6]   ; 4.829 ; 4.892 ; 5.368 ; 5.447 ;
; a[3]       ; HEX1_D[0]   ; 4.643 ;       ;       ; 5.370 ;
; a[3]       ; HEX1_D[3]   ; 4.529 ;       ;       ; 5.227 ;
; a[3]       ; HEX1_D[4]   ; 4.529 ;       ;       ; 5.227 ;
; a[3]       ; HEX1_D[5]   ; 4.630 ;       ;       ; 5.358 ;
; b[0]       ; HEX0_D[0]   ; 4.688 ; 4.836 ; 5.284 ; 5.407 ;
; b[0]       ; HEX0_D[1]   ; 4.677 ; 4.775 ; 5.273 ; 5.366 ;
; b[0]       ; HEX0_D[2]   ; 4.845 ; 4.943 ; 5.398 ; 5.539 ;
; b[0]       ; HEX0_D[3]   ; 4.782 ; 4.938 ; 5.378 ; 5.509 ;
; b[0]       ; HEX0_D[4]   ; 4.765 ; 4.919 ; 5.361 ; 5.472 ;
; b[0]       ; HEX0_D[5]   ; 4.941 ; 5.093 ; 5.534 ; 5.676 ;
; b[0]       ; HEX0_D[6]   ; 4.862 ; 5.021 ; 5.455 ; 5.574 ;
; b[0]       ; HEX1_D[0]   ; 4.821 ;       ;       ; 5.572 ;
; b[0]       ; HEX1_D[3]   ; 4.707 ;       ;       ; 5.429 ;
; b[0]       ; HEX1_D[4]   ; 4.707 ;       ;       ; 5.429 ;
; b[0]       ; HEX1_D[5]   ; 4.808 ;       ;       ; 5.560 ;
; b[1]       ; HEX0_D[0]   ; 4.569 ; 4.689 ; 5.160 ; 5.280 ;
; b[1]       ; HEX0_D[1]   ; 4.558 ; 4.648 ; 5.149 ; 5.239 ;
; b[1]       ; HEX0_D[2]   ; 4.680 ; 4.845 ; 5.271 ; 5.420 ;
; b[1]       ; HEX0_D[3]   ; 4.662 ; 4.791 ; 5.253 ; 5.382 ;
; b[1]       ; HEX0_D[4]   ; 4.673 ; 4.754 ; 5.248 ; 5.345 ;
; b[1]       ; HEX0_D[5]   ; 4.816 ; 4.958 ; 5.407 ; 5.549 ;
; b[1]       ; HEX0_D[6]   ; 4.737 ; 4.856 ; 5.328 ; 5.447 ;
; b[1]       ; HEX1_D[0]   ; 4.801 ;       ;       ; 5.554 ;
; b[1]       ; HEX1_D[3]   ; 4.687 ;       ;       ; 5.411 ;
; b[1]       ; HEX1_D[4]   ; 4.687 ;       ;       ; 5.411 ;
; b[1]       ; HEX1_D[5]   ; 4.788 ;       ;       ; 5.542 ;
; b[2]       ; HEX0_D[0]   ; 4.477 ; 4.592 ; 5.036 ; 5.151 ;
; b[2]       ; HEX0_D[1]   ; 4.466 ; 4.602 ; 5.025 ; 5.143 ;
; b[2]       ; HEX0_D[2]   ; 4.589 ; 4.722 ; 5.148 ; 5.281 ;
; b[2]       ; HEX0_D[3]   ; 4.570 ; 4.694 ; 5.129 ; 5.253 ;
; b[2]       ; HEX0_D[4]   ; 4.548 ; 4.656 ; 5.107 ; 5.215 ;
; b[2]       ; HEX0_D[5]   ; 4.723 ; 4.860 ; 5.282 ; 5.419 ;
; b[2]       ; HEX0_D[6]   ; 4.645 ; 4.759 ; 5.204 ; 5.318 ;
; b[2]       ; HEX1_D[0]   ; 4.595 ;       ;       ; 5.326 ;
; b[2]       ; HEX1_D[3]   ; 4.481 ;       ;       ; 5.183 ;
; b[2]       ; HEX1_D[4]   ; 4.481 ;       ;       ; 5.183 ;
; b[2]       ; HEX1_D[5]   ; 4.582 ;       ;       ; 5.314 ;
; b[3]       ; HEX0_D[0]   ; 4.696 ; 4.863 ; 5.296 ; 5.463 ;
; b[3]       ; HEX0_D[1]   ; 4.686 ; 4.782 ; 5.286 ; 5.382 ;
; b[3]       ; HEX0_D[2]   ; 4.809 ; 4.953 ; 5.409 ; 5.553 ;
; b[3]       ; HEX0_D[3]   ; 4.874 ; 4.944 ; 5.458 ; 5.544 ;
; b[3]       ; HEX0_D[4]   ; 4.846 ; 4.897 ; 5.430 ; 5.497 ;
; b[3]       ; HEX0_D[5]   ; 4.965 ; 5.102 ; 5.565 ; 5.702 ;
; b[3]       ; HEX0_D[6]   ; 4.940 ; 5.005 ; 5.524 ; 5.605 ;
; b[3]       ; HEX1_D[0]   ; 4.756 ;       ;       ; 5.518 ;
; b[3]       ; HEX1_D[3]   ; 4.642 ;       ;       ; 5.375 ;
; b[3]       ; HEX1_D[4]   ; 4.642 ;       ;       ; 5.375 ;
; b[3]       ; HEX1_D[5]   ; 4.743 ;       ;       ; 5.506 ;
+------------+-------------+-------+-------+-------+-------+


---------------------------------------------
; Fast 1200mV 0C Model Metastability Report ;
---------------------------------------------
No synchronizer chains to report.


+----------------------------------------------------------------------------+
; Multicorner Timing Analysis Summary                                        ;
+------------------+-------+------+----------+---------+---------------------+
; Clock            ; Setup ; Hold ; Recovery ; Removal ; Minimum Pulse Width ;
+------------------+-------+------+----------+---------+---------------------+
; Worst-case Slack ; N/A   ; N/A  ; N/A      ; N/A     ; N/A                 ;
; Design-wide TNS  ; 0.0   ; 0.0  ; 0.0      ; 0.0     ; 0.0                 ;
+------------------+-------+------+----------+---------+---------------------+


+----------------------------------------------------------+
; Propagation Delay                                        ;
+------------+-------------+-------+-------+-------+-------+
; Input Port ; Output Port ; RR    ; RF    ; FR    ; FF    ;
+------------+-------------+-------+-------+-------+-------+
; a[0]       ; HEX0_D[0]   ; 8.875 ; 8.862 ; 9.111 ; 9.098 ;
; a[0]       ; HEX0_D[1]   ; 8.861 ; 8.739 ; 9.097 ; 8.975 ;
; a[0]       ; HEX0_D[2]   ; 8.964 ; 9.073 ; 9.200 ; 9.309 ;
; a[0]       ; HEX0_D[3]   ; 9.087 ; 9.009 ; 9.323 ; 9.199 ;
; a[0]       ; HEX0_D[4]   ; 8.993 ; 8.947 ; 9.229 ; 9.137 ;
; a[0]       ; HEX0_D[5]   ; 9.326 ; 9.295 ; 9.562 ; 9.531 ;
; a[0]       ; HEX0_D[6]   ; 9.239 ; 9.113 ; 9.475 ; 9.303 ;
; a[0]       ; HEX1_D[0]   ; 8.562 ;       ;       ; 8.932 ;
; a[0]       ; HEX1_D[3]   ; 8.306 ;       ;       ; 8.692 ;
; a[0]       ; HEX1_D[4]   ; 8.306 ;       ;       ; 8.692 ;
; a[0]       ; HEX1_D[5]   ; 8.469 ;       ;       ; 8.868 ;
; a[1]       ; HEX0_D[0]   ; 8.932 ; 8.919 ; 9.393 ; 9.380 ;
; a[1]       ; HEX0_D[1]   ; 8.918 ; 8.796 ; 9.379 ; 9.257 ;
; a[1]       ; HEX0_D[2]   ; 9.021 ; 9.130 ; 9.482 ; 9.591 ;
; a[1]       ; HEX0_D[3]   ; 9.144 ; 9.066 ; 9.605 ; 9.481 ;
; a[1]       ; HEX0_D[4]   ; 9.050 ; 9.004 ; 9.511 ; 9.419 ;
; a[1]       ; HEX0_D[5]   ; 9.383 ; 9.352 ; 9.844 ; 9.813 ;
; a[1]       ; HEX0_D[6]   ; 9.296 ; 9.170 ; 9.757 ; 9.585 ;
; a[1]       ; HEX1_D[0]   ; 8.619 ;       ;       ; 9.214 ;
; a[1]       ; HEX1_D[3]   ; 8.363 ;       ;       ; 8.974 ;
; a[1]       ; HEX1_D[4]   ; 8.363 ;       ;       ; 8.974 ;
; a[1]       ; HEX1_D[5]   ; 8.526 ;       ;       ; 9.150 ;
; a[2]       ; HEX0_D[0]   ; 9.005 ; 8.992 ; 9.231 ; 9.218 ;
; a[2]       ; HEX0_D[1]   ; 8.991 ; 8.869 ; 9.217 ; 9.095 ;
; a[2]       ; HEX0_D[2]   ; 9.094 ; 9.203 ; 9.320 ; 9.429 ;
; a[2]       ; HEX0_D[3]   ; 9.217 ; 9.139 ; 9.443 ; 9.319 ;
; a[2]       ; HEX0_D[4]   ; 9.123 ; 9.077 ; 9.349 ; 9.257 ;
; a[2]       ; HEX0_D[5]   ; 9.456 ; 9.425 ; 9.682 ; 9.651 ;
; a[2]       ; HEX0_D[6]   ; 9.369 ; 9.243 ; 9.595 ; 9.423 ;
; a[2]       ; HEX1_D[0]   ; 8.692 ;       ;       ; 9.052 ;
; a[2]       ; HEX1_D[3]   ; 8.436 ;       ;       ; 8.812 ;
; a[2]       ; HEX1_D[4]   ; 8.436 ;       ;       ; 8.812 ;
; a[2]       ; HEX1_D[5]   ; 8.599 ;       ;       ; 8.988 ;
; a[3]       ; HEX0_D[0]   ; 8.305 ; 8.292 ; 8.628 ; 8.649 ;
; a[3]       ; HEX0_D[1]   ; 8.291 ; 8.169 ; 8.614 ; 8.547 ;
; a[3]       ; HEX0_D[2]   ; 8.394 ; 8.503 ; 8.761 ; 8.826 ;
; a[3]       ; HEX0_D[3]   ; 8.517 ; 8.345 ; 8.840 ; 8.820 ;
; a[3]       ; HEX0_D[4]   ; 8.423 ; 8.283 ; 8.746 ; 8.758 ;
; a[3]       ; HEX0_D[5]   ; 8.756 ; 8.725 ; 9.079 ; 9.082 ;
; a[3]       ; HEX0_D[6]   ; 8.669 ; 8.449 ; 8.992 ; 8.924 ;
; a[3]       ; HEX1_D[0]   ; 8.309 ;       ;       ; 8.906 ;
; a[3]       ; HEX1_D[3]   ; 8.053 ;       ;       ; 8.666 ;
; a[3]       ; HEX1_D[4]   ; 8.053 ;       ;       ; 8.666 ;
; a[3]       ; HEX1_D[5]   ; 8.216 ;       ;       ; 8.842 ;
; b[0]       ; HEX0_D[0]   ; 9.118 ; 9.105 ; 9.345 ; 9.332 ;
; b[0]       ; HEX0_D[1]   ; 9.104 ; 8.982 ; 9.331 ; 9.209 ;
; b[0]       ; HEX0_D[2]   ; 9.207 ; 9.316 ; 9.434 ; 9.543 ;
; b[0]       ; HEX0_D[3]   ; 9.330 ; 9.252 ; 9.557 ; 9.433 ;
; b[0]       ; HEX0_D[4]   ; 9.236 ; 9.190 ; 9.463 ; 9.371 ;
; b[0]       ; HEX0_D[5]   ; 9.569 ; 9.538 ; 9.796 ; 9.765 ;
; b[0]       ; HEX0_D[6]   ; 9.482 ; 9.356 ; 9.709 ; 9.537 ;
; b[0]       ; HEX1_D[0]   ; 8.805 ;       ;       ; 9.166 ;
; b[0]       ; HEX1_D[3]   ; 8.549 ;       ;       ; 8.926 ;
; b[0]       ; HEX1_D[4]   ; 8.549 ;       ;       ; 8.926 ;
; b[0]       ; HEX1_D[5]   ; 8.712 ;       ;       ; 9.102 ;
; b[1]       ; HEX0_D[0]   ; 8.959 ; 8.946 ; 9.431 ; 9.418 ;
; b[1]       ; HEX0_D[1]   ; 8.945 ; 8.823 ; 9.417 ; 9.295 ;
; b[1]       ; HEX0_D[2]   ; 9.048 ; 9.157 ; 9.520 ; 9.629 ;
; b[1]       ; HEX0_D[3]   ; 9.171 ; 9.093 ; 9.643 ; 9.519 ;
; b[1]       ; HEX0_D[4]   ; 9.077 ; 9.031 ; 9.549 ; 9.457 ;
; b[1]       ; HEX0_D[5]   ; 9.410 ; 9.379 ; 9.882 ; 9.851 ;
; b[1]       ; HEX0_D[6]   ; 9.323 ; 9.197 ; 9.795 ; 9.623 ;
; b[1]       ; HEX1_D[0]   ; 8.646 ;       ;       ; 9.252 ;
; b[1]       ; HEX1_D[3]   ; 8.390 ;       ;       ; 9.012 ;
; b[1]       ; HEX1_D[4]   ; 8.390 ;       ;       ; 9.012 ;
; b[1]       ; HEX1_D[5]   ; 8.553 ;       ;       ; 9.188 ;
; b[2]       ; HEX0_D[0]   ; 8.689 ; 8.676 ; 8.936 ; 8.923 ;
; b[2]       ; HEX0_D[1]   ; 8.675 ; 8.553 ; 8.922 ; 8.800 ;
; b[2]       ; HEX0_D[2]   ; 8.778 ; 8.887 ; 9.025 ; 9.134 ;
; b[2]       ; HEX0_D[3]   ; 8.901 ; 8.823 ; 9.148 ; 9.024 ;
; b[2]       ; HEX0_D[4]   ; 8.807 ; 8.761 ; 9.054 ; 8.962 ;
; b[2]       ; HEX0_D[5]   ; 9.140 ; 9.109 ; 9.387 ; 9.356 ;
; b[2]       ; HEX0_D[6]   ; 9.053 ; 8.927 ; 9.300 ; 9.128 ;
; b[2]       ; HEX1_D[0]   ; 8.376 ;       ;       ; 8.757 ;
; b[2]       ; HEX1_D[3]   ; 8.120 ;       ;       ; 8.517 ;
; b[2]       ; HEX1_D[4]   ; 8.120 ;       ;       ; 8.517 ;
; b[2]       ; HEX1_D[5]   ; 8.283 ;       ;       ; 8.693 ;
; b[3]       ; HEX0_D[0]   ; 8.555 ; 8.542 ; 8.899 ; 8.908 ;
; b[3]       ; HEX0_D[1]   ; 8.541 ; 8.419 ; 8.885 ; 8.806 ;
; b[3]       ; HEX0_D[2]   ; 8.644 ; 8.753 ; 9.020 ; 9.097 ;
; b[3]       ; HEX0_D[3]   ; 8.767 ; 8.598 ; 9.111 ; 9.079 ;
; b[3]       ; HEX0_D[4]   ; 8.673 ; 8.536 ; 9.017 ; 9.017 ;
; b[3]       ; HEX0_D[5]   ; 9.006 ; 8.975 ; 9.350 ; 9.341 ;
; b[3]       ; HEX0_D[6]   ; 8.919 ; 8.702 ; 9.263 ; 9.183 ;
; b[3]       ; HEX1_D[0]   ; 8.560 ;       ;       ; 9.165 ;
; b[3]       ; HEX1_D[3]   ; 8.304 ;       ;       ; 8.925 ;
; b[3]       ; HEX1_D[4]   ; 8.304 ;       ;       ; 8.925 ;
; b[3]       ; HEX1_D[5]   ; 8.467 ;       ;       ; 9.101 ;
+------------+-------------+-------+-------+-------+-------+


+----------------------------------------------------------+
; Minimum Propagation Delay                                ;
+------------+-------------+-------+-------+-------+-------+
; Input Port ; Output Port ; RR    ; RF    ; FR    ; FF    ;
+------------+-------------+-------+-------+-------+-------+
; a[0]       ; HEX0_D[0]   ; 4.558 ; 4.706 ; 5.134 ; 5.262 ;
; a[0]       ; HEX0_D[1]   ; 4.547 ; 4.645 ; 5.123 ; 5.221 ;
; a[0]       ; HEX0_D[2]   ; 4.714 ; 4.813 ; 5.253 ; 5.389 ;
; a[0]       ; HEX0_D[3]   ; 4.652 ; 4.808 ; 5.228 ; 5.364 ;
; a[0]       ; HEX0_D[4]   ; 4.635 ; 4.788 ; 5.211 ; 5.327 ;
; a[0]       ; HEX0_D[5]   ; 4.811 ; 4.963 ; 5.387 ; 5.531 ;
; a[0]       ; HEX0_D[6]   ; 4.732 ; 4.890 ; 5.308 ; 5.429 ;
; a[0]       ; HEX1_D[0]   ; 4.690 ;       ;       ; 5.427 ;
; a[0]       ; HEX1_D[3]   ; 4.576 ;       ;       ; 5.284 ;
; a[0]       ; HEX1_D[4]   ; 4.576 ;       ;       ; 5.284 ;
; a[0]       ; HEX1_D[5]   ; 4.677 ;       ;       ; 5.415 ;
; a[1]       ; HEX0_D[0]   ; 4.570 ; 4.690 ; 5.139 ; 5.259 ;
; a[1]       ; HEX0_D[1]   ; 4.559 ; 4.649 ; 5.128 ; 5.218 ;
; a[1]       ; HEX0_D[2]   ; 4.681 ; 4.848 ; 5.250 ; 5.401 ;
; a[1]       ; HEX0_D[3]   ; 4.663 ; 4.792 ; 5.232 ; 5.361 ;
; a[1]       ; HEX0_D[4]   ; 4.676 ; 4.755 ; 5.229 ; 5.324 ;
; a[1]       ; HEX0_D[5]   ; 4.817 ; 4.959 ; 5.386 ; 5.528 ;
; a[1]       ; HEX0_D[6]   ; 4.738 ; 4.857 ; 5.307 ; 5.426 ;
; a[1]       ; HEX1_D[0]   ; 4.802 ;       ;       ; 5.543 ;
; a[1]       ; HEX1_D[3]   ; 4.688 ;       ;       ; 5.400 ;
; a[1]       ; HEX1_D[4]   ; 4.688 ;       ;       ; 5.400 ;
; a[1]       ; HEX1_D[5]   ; 4.789 ;       ;       ; 5.531 ;
; a[2]       ; HEX0_D[0]   ; 4.644 ; 4.759 ; 5.213 ; 5.328 ;
; a[2]       ; HEX0_D[1]   ; 4.633 ; 4.769 ; 5.202 ; 5.319 ;
; a[2]       ; HEX0_D[2]   ; 4.756 ; 4.889 ; 5.325 ; 5.458 ;
; a[2]       ; HEX0_D[3]   ; 4.737 ; 4.861 ; 5.306 ; 5.430 ;
; a[2]       ; HEX0_D[4]   ; 4.715 ; 4.823 ; 5.284 ; 5.392 ;
; a[2]       ; HEX0_D[5]   ; 4.890 ; 5.027 ; 5.459 ; 5.596 ;
; a[2]       ; HEX0_D[6]   ; 4.812 ; 4.926 ; 5.381 ; 5.495 ;
; a[2]       ; HEX1_D[0]   ; 4.762 ;       ;       ; 5.501 ;
; a[2]       ; HEX1_D[3]   ; 4.648 ;       ;       ; 5.358 ;
; a[2]       ; HEX1_D[4]   ; 4.648 ;       ;       ; 5.358 ;
; a[2]       ; HEX1_D[5]   ; 4.749 ;       ;       ; 5.489 ;
; a[3]       ; HEX0_D[0]   ; 4.583 ; 4.750 ; 5.138 ; 5.305 ;
; a[3]       ; HEX0_D[1]   ; 4.573 ; 4.669 ; 5.128 ; 5.224 ;
; a[3]       ; HEX0_D[2]   ; 4.696 ; 4.840 ; 5.251 ; 5.395 ;
; a[3]       ; HEX0_D[3]   ; 4.763 ; 4.831 ; 5.302 ; 5.386 ;
; a[3]       ; HEX0_D[4]   ; 4.735 ; 4.784 ; 5.274 ; 5.339 ;
; a[3]       ; HEX0_D[5]   ; 4.852 ; 4.989 ; 5.407 ; 5.544 ;
; a[3]       ; HEX0_D[6]   ; 4.829 ; 4.892 ; 5.368 ; 5.447 ;
; a[3]       ; HEX1_D[0]   ; 4.643 ;       ;       ; 5.370 ;
; a[3]       ; HEX1_D[3]   ; 4.529 ;       ;       ; 5.227 ;
; a[3]       ; HEX1_D[4]   ; 4.529 ;       ;       ; 5.227 ;
; a[3]       ; HEX1_D[5]   ; 4.630 ;       ;       ; 5.358 ;
; b[0]       ; HEX0_D[0]   ; 4.688 ; 4.836 ; 5.284 ; 5.407 ;
; b[0]       ; HEX0_D[1]   ; 4.677 ; 4.775 ; 5.273 ; 5.366 ;
; b[0]       ; HEX0_D[2]   ; 4.845 ; 4.943 ; 5.398 ; 5.539 ;
; b[0]       ; HEX0_D[3]   ; 4.782 ; 4.938 ; 5.378 ; 5.509 ;
; b[0]       ; HEX0_D[4]   ; 4.765 ; 4.919 ; 5.361 ; 5.472 ;
; b[0]       ; HEX0_D[5]   ; 4.941 ; 5.093 ; 5.534 ; 5.676 ;
; b[0]       ; HEX0_D[6]   ; 4.862 ; 5.021 ; 5.455 ; 5.574 ;
; b[0]       ; HEX1_D[0]   ; 4.821 ;       ;       ; 5.572 ;
; b[0]       ; HEX1_D[3]   ; 4.707 ;       ;       ; 5.429 ;
; b[0]       ; HEX1_D[4]   ; 4.707 ;       ;       ; 5.429 ;
; b[0]       ; HEX1_D[5]   ; 4.808 ;       ;       ; 5.560 ;
; b[1]       ; HEX0_D[0]   ; 4.569 ; 4.689 ; 5.160 ; 5.280 ;
; b[1]       ; HEX0_D[1]   ; 4.558 ; 4.648 ; 5.149 ; 5.239 ;
; b[1]       ; HEX0_D[2]   ; 4.680 ; 4.845 ; 5.271 ; 5.420 ;
; b[1]       ; HEX0_D[3]   ; 4.662 ; 4.791 ; 5.253 ; 5.382 ;
; b[1]       ; HEX0_D[4]   ; 4.673 ; 4.754 ; 5.248 ; 5.345 ;
; b[1]       ; HEX0_D[5]   ; 4.816 ; 4.958 ; 5.407 ; 5.549 ;
; b[1]       ; HEX0_D[6]   ; 4.737 ; 4.856 ; 5.328 ; 5.447 ;
; b[1]       ; HEX1_D[0]   ; 4.801 ;       ;       ; 5.554 ;
; b[1]       ; HEX1_D[3]   ; 4.687 ;       ;       ; 5.411 ;
; b[1]       ; HEX1_D[4]   ; 4.687 ;       ;       ; 5.411 ;
; b[1]       ; HEX1_D[5]   ; 4.788 ;       ;       ; 5.542 ;
; b[2]       ; HEX0_D[0]   ; 4.477 ; 4.592 ; 5.036 ; 5.151 ;
; b[2]       ; HEX0_D[1]   ; 4.466 ; 4.602 ; 5.025 ; 5.143 ;
; b[2]       ; HEX0_D[2]   ; 4.589 ; 4.722 ; 5.148 ; 5.281 ;
; b[2]       ; HEX0_D[3]   ; 4.570 ; 4.694 ; 5.129 ; 5.253 ;
; b[2]       ; HEX0_D[4]   ; 4.548 ; 4.656 ; 5.107 ; 5.215 ;
; b[2]       ; HEX0_D[5]   ; 4.723 ; 4.860 ; 5.282 ; 5.419 ;
; b[2]       ; HEX0_D[6]   ; 4.645 ; 4.759 ; 5.204 ; 5.318 ;
; b[2]       ; HEX1_D[0]   ; 4.595 ;       ;       ; 5.326 ;
; b[2]       ; HEX1_D[3]   ; 4.481 ;       ;       ; 5.183 ;
; b[2]       ; HEX1_D[4]   ; 4.481 ;       ;       ; 5.183 ;
; b[2]       ; HEX1_D[5]   ; 4.582 ;       ;       ; 5.314 ;
; b[3]       ; HEX0_D[0]   ; 4.696 ; 4.863 ; 5.296 ; 5.463 ;
; b[3]       ; HEX0_D[1]   ; 4.686 ; 4.782 ; 5.286 ; 5.382 ;
; b[3]       ; HEX0_D[2]   ; 4.809 ; 4.953 ; 5.409 ; 5.553 ;
; b[3]       ; HEX0_D[3]   ; 4.874 ; 4.944 ; 5.458 ; 5.544 ;
; b[3]       ; HEX0_D[4]   ; 4.846 ; 4.897 ; 5.430 ; 5.497 ;
; b[3]       ; HEX0_D[5]   ; 4.965 ; 5.102 ; 5.565 ; 5.702 ;
; b[3]       ; HEX0_D[6]   ; 4.940 ; 5.005 ; 5.524 ; 5.605 ;
; b[3]       ; HEX1_D[0]   ; 4.756 ;       ;       ; 5.518 ;
; b[3]       ; HEX1_D[3]   ; 4.642 ;       ;       ; 5.375 ;
; b[3]       ; HEX1_D[4]   ; 4.642 ;       ;       ; 5.375 ;
; b[3]       ; HEX1_D[5]   ; 4.743 ;       ;       ; 5.506 ;
+------------+-------------+-------+-------+-------+-------+


+------------------------------------------------------------------------------------------------------------------------------------------------------------------------------------------------------------------------------------------------------------------------------------------------------------------------------------------------------------------------------------------------------------------+
; Board Trace Model Assignments                                                                                                                                                                                                                                                                                                                                                                                    ;
+---------------+--------------+-------------------+-------------------------+-------------------------+---------------+---------------------+----------------+------------------+--------+------------------+------------------------+------------------------+--------------+---------------+-----------------+-------+---------------------+--------------------+---------------+-----------------+-------------+
; Pin           ; I/O Standard ; Near Tline Length ; Near Tline L per Length ; Near Tline C per Length ; Near Series R ; Near Differential R ; Near Pull-up R ; Near Pull-down R ; Near C ; Far Tline Length ; Far Tline L per Length ; Far Tline C per Length ; Far Series R ; Far Pull-up R ; Far Pull-down R ; Far C ; Termination Voltage ; Far Differential R ; EBD File Name ; EBD Signal Name ; EBD Far-end ;
+---------------+--------------+-------------------+-------------------------+-------------------------+---------------+---------------------+----------------+------------------+--------+------------------+------------------------+------------------------+--------------+---------------+-----------------+-------+---------------------+--------------------+---------------+-----------------+-------------+
; HEX0_D[6]     ; 2.5 V        ; 0 in              ; 0 H/in                  ; 0 F/in                  ; short         ; -                   ; open           ; open             ; open   ; 0 in             ; 0 H/in                 ; 0 F/in                 ; short        ; open          ; open            ; open  ; 0 V                 ; -                  ; n/a           ; n/a             ; n/a         ;
; HEX0_D[5]     ; 2.5 V        ; 0 in              ; 0 H/in                  ; 0 F/in                  ; short         ; -                   ; open           ; open             ; open   ; 0 in             ; 0 H/in                 ; 0 F/in                 ; short        ; open          ; open            ; open  ; 0 V                 ; -                  ; n/a           ; n/a             ; n/a         ;
; HEX0_D[4]     ; 2.5 V        ; 0 in              ; 0 H/in                  ; 0 F/in                  ; short         ; -                   ; open           ; open             ; open   ; 0 in             ; 0 H/in                 ; 0 F/in                 ; short        ; open          ; open            ; open  ; 0 V                 ; -                  ; n/a           ; n/a             ; n/a         ;
; HEX0_D[3]     ; 2.5 V        ; 0 in              ; 0 H/in                  ; 0 F/in                  ; short         ; -                   ; open           ; open             ; open   ; 0 in             ; 0 H/in                 ; 0 F/in                 ; short        ; open          ; open            ; open  ; 0 V                 ; -                  ; n/a           ; n/a             ; n/a         ;
; HEX0_D[2]     ; 2.5 V        ; 0 in              ; 0 H/in                  ; 0 F/in                  ; short         ; -                   ; open           ; open             ; open   ; 0 in             ; 0 H/in                 ; 0 F/in                 ; short        ; open          ; open            ; open  ; 0 V                 ; -                  ; n/a           ; n/a             ; n/a         ;
; HEX0_D[1]     ; 2.5 V        ; 0 in              ; 0 H/in                  ; 0 F/in                  ; short         ; -                   ; open           ; open             ; open   ; 0 in             ; 0 H/in                 ; 0 F/in                 ; short        ; open          ; open            ; open  ; 0 V                 ; -                  ; n/a           ; n/a             ; n/a         ;
; HEX0_D[0]     ; 2.5 V        ; 0 in              ; 0 H/in                  ; 0 F/in                  ; short         ; -                   ; open           ; open             ; open   ; 0 in             ; 0 H/in                 ; 0 F/in                 ; short        ; open          ; open            ; open  ; 0 V                 ; -                  ; n/a           ; n/a             ; n/a         ;
; HEX1_D[6]     ; 2.5 V        ; 0 in              ; 0 H/in                  ; 0 F/in                  ; short         ; -                   ; open           ; open             ; open   ; 0 in             ; 0 H/in                 ; 0 F/in                 ; short        ; open          ; open            ; open  ; 0 V                 ; -                  ; n/a           ; n/a             ; n/a         ;
; HEX1_D[5]     ; 2.5 V        ; 0 in              ; 0 H/in                  ; 0 F/in                  ; short         ; -                   ; open           ; open             ; open   ; 0 in             ; 0 H/in                 ; 0 F/in                 ; short        ; open          ; open            ; open  ; 0 V                 ; -                  ; n/a           ; n/a             ; n/a         ;
; HEX1_D[4]     ; 2.5 V        ; 0 in              ; 0 H/in                  ; 0 F/in                  ; short         ; -                   ; open           ; open             ; open   ; 0 in             ; 0 H/in                 ; 0 F/in                 ; short        ; open          ; open            ; open  ; 0 V                 ; -                  ; n/a           ; n/a             ; n/a         ;
; HEX1_D[3]     ; 2.5 V        ; 0 in              ; 0 H/in                  ; 0 F/in                  ; short         ; -                   ; open           ; open             ; open   ; 0 in             ; 0 H/in                 ; 0 F/in                 ; short        ; open          ; open            ; open  ; 0 V                 ; -                  ; n/a           ; n/a             ; n/a         ;
; HEX1_D[2]     ; 2.5 V        ; 0 in              ; 0 H/in                  ; 0 F/in                  ; short         ; -                   ; open           ; open             ; open   ; 0 in             ; 0 H/in                 ; 0 F/in                 ; short        ; open          ; open            ; open  ; 0 V                 ; -                  ; n/a           ; n/a             ; n/a         ;
; HEX1_D[1]     ; 2.5 V        ; 0 in              ; 0 H/in                  ; 0 F/in                  ; short         ; -                   ; open           ; open             ; open   ; 0 in             ; 0 H/in                 ; 0 F/in                 ; short        ; open          ; open            ; open  ; 0 V                 ; -                  ; n/a           ; n/a             ; n/a         ;
; HEX1_D[0]     ; 2.5 V        ; 0 in              ; 0 H/in                  ; 0 F/in                  ; short         ; -                   ; open           ; open             ; open   ; 0 in             ; 0 H/in                 ; 0 F/in                 ; short        ; open          ; open            ; open  ; 0 V                 ; -                  ; n/a           ; n/a             ; n/a         ;
; ~ALTERA_DCLK~ ; 2.5 V        ; 0 in              ; 0 H/in                  ; 0 F/in                  ; short         ; -                   ; open           ; open             ; open   ; 0 in             ; 0 H/in                 ; 0 F/in                 ; short        ; open          ; open            ; open  ; 0 V                 ; -                  ; n/a           ; n/a             ; n/a         ;
; ~ALTERA_nCEO~ ; 2.5 V        ; 0 in              ; 0 H/in                  ; 0 F/in                  ; short         ; -                   ; open           ; open             ; open   ; 0 in             ; 0 H/in                 ; 0 F/in                 ; short        ; open          ; open            ; open  ; 0 V                 ; -                  ; n/a           ; n/a             ; n/a         ;
+---------------+--------------+-------------------+-------------------------+-------------------------+---------------+---------------------+----------------+------------------+--------+------------------+------------------------+------------------------+--------------+---------------+-----------------+-------+---------------------+--------------------+---------------+-----------------+-------------+


+----------------------------------------------------------------------------+
; Input Transition Times                                                     ;
+-------------------------+--------------+-----------------+-----------------+
; Pin                     ; I/O Standard ; 10-90 Rise Time ; 90-10 Fall Time ;
+-------------------------+--------------+-----------------+-----------------+
; b[0]                    ; 2.5 V        ; 2000 ps         ; 2000 ps         ;
; a[0]                    ; 2.5 V        ; 2000 ps         ; 2000 ps         ;
; b[1]                    ; 2.5 V        ; 2000 ps         ; 2000 ps         ;
; a[1]                    ; 2.5 V        ; 2000 ps         ; 2000 ps         ;
; b[2]                    ; 2.5 V        ; 2000 ps         ; 2000 ps         ;
; a[2]                    ; 2.5 V        ; 2000 ps         ; 2000 ps         ;
; b[3]                    ; 2.5 V        ; 2000 ps         ; 2000 ps         ;
; a[3]                    ; 2.5 V        ; 2000 ps         ; 2000 ps         ;
; ~ALTERA_ASDO_DATA1~     ; 2.5 V        ; 2000 ps         ; 2000 ps         ;
; ~ALTERA_FLASH_nCE_nCSO~ ; 2.5 V        ; 2000 ps         ; 2000 ps         ;
; ~ALTERA_DATA0~          ; 2.5 V        ; 2000 ps         ; 2000 ps         ;
+-------------------------+--------------+-----------------+-----------------+


+--------------------------------------------------------------------------------------------------------------------------------------------------------------------------------------------------------------------------------------------------------------------------------------------------------------------------------------------------------------------------------------------------------------------------------------------------------------------------------------------------------------------------------------------------------------------------------------------------------------------------------------------------------------------------------------------+
; Slow Corner Signal Integrity Metrics                                                                                                                                                                                                                                                                                                                                                                                                                                                                                                                                                                                                                                                       ;
+---------------+--------------+---------------------+---------------------+------------------------------+------------------------------+---------------------+---------------------+--------------------------------------+--------------------------------------+-----------------------------+-----------------------------+----------------------------+----------------------------+-----------------------------+-----------------------------+--------------------+--------------------+-------------------------------------+-------------------------------------+----------------------------+----------------------------+---------------------------+---------------------------+
; Pin           ; I/O Standard ; Board Delay on Rise ; Board Delay on Fall ; Steady State Voh at FPGA Pin ; Steady State Vol at FPGA Pin ; Voh Max at FPGA Pin ; Vol Min at FPGA Pin ; Ringback Voltage on Rise at FPGA Pin ; Ringback Voltage on Fall at FPGA Pin ; 10-90 Rise Time at FPGA Pin ; 90-10 Fall Time at FPGA Pin ; Monotonic Rise at FPGA Pin ; Monotonic Fall at FPGA Pin ; Steady State Voh at Far-end ; Steady State Vol at Far-end ; Voh Max at Far-end ; Vol Min at Far-end ; Ringback Voltage on Rise at Far-end ; Ringback Voltage on Fall at Far-end ; 10-90 Rise Time at Far-end ; 90-10 Fall Time at Far-end ; Monotonic Rise at Far-end ; Monotonic Fall at Far-end ;
+---------------+--------------+---------------------+---------------------+------------------------------+------------------------------+---------------------+---------------------+--------------------------------------+--------------------------------------+-----------------------------+-----------------------------+----------------------------+----------------------------+-----------------------------+-----------------------------+--------------------+--------------------+-------------------------------------+-------------------------------------+----------------------------+----------------------------+---------------------------+---------------------------+
; HEX0_D[6]     ; 2.5 V        ; 0 s                 ; 0 s                 ; 2.32 V                       ; 1.08e-06 V                   ; 2.36 V              ; -0.0113 V           ; 0.122 V                              ; 0.022 V                              ; 4.5e-10 s                   ; 4.45e-10 s                  ; Yes                        ; Yes                        ; 2.32 V                      ; 1.08e-06 V                  ; 2.36 V             ; -0.0113 V          ; 0.122 V                             ; 0.022 V                             ; 4.5e-10 s                  ; 4.45e-10 s                 ; Yes                       ; Yes                       ;
; HEX0_D[5]     ; 2.5 V        ; 0 s                 ; 0 s                 ; 2.32 V                       ; 1.08e-06 V                   ; 2.36 V              ; -0.0113 V           ; 0.122 V                              ; 0.022 V                              ; 4.5e-10 s                   ; 4.45e-10 s                  ; Yes                        ; Yes                        ; 2.32 V                      ; 1.08e-06 V                  ; 2.36 V             ; -0.0113 V          ; 0.122 V                             ; 0.022 V                             ; 4.5e-10 s                  ; 4.45e-10 s                 ; Yes                       ; Yes                       ;
; HEX0_D[4]     ; 2.5 V        ; 0 s                 ; 0 s                 ; 2.32 V                       ; 1.08e-06 V                   ; 2.36 V              ; -0.0113 V           ; 0.122 V                              ; 0.022 V                              ; 4.5e-10 s                   ; 4.45e-10 s                  ; Yes                        ; Yes                        ; 2.32 V                      ; 1.08e-06 V                  ; 2.36 V             ; -0.0113 V          ; 0.122 V                             ; 0.022 V                             ; 4.5e-10 s                  ; 4.45e-10 s                 ; Yes                       ; Yes                       ;
; HEX0_D[3]     ; 2.5 V        ; 0 s                 ; 0 s                 ; 2.32 V                       ; 1.08e-06 V                   ; 2.36 V              ; -0.0113 V           ; 0.122 V                              ; 0.022 V                              ; 4.5e-10 s                   ; 4.45e-10 s                  ; Yes                        ; Yes                        ; 2.32 V                      ; 1.08e-06 V                  ; 2.36 V             ; -0.0113 V          ; 0.122 V                             ; 0.022 V                             ; 4.5e-10 s                  ; 4.45e-10 s                 ; Yes                       ; Yes                       ;
; HEX0_D[2]     ; 2.5 V        ; 0 s                 ; 0 s                 ; 2.32 V                       ; 1.08e-06 V                   ; 2.36 V              ; -0.0113 V           ; 0.122 V                              ; 0.022 V                              ; 4.5e-10 s                   ; 4.45e-10 s                  ; Yes                        ; Yes                        ; 2.32 V                      ; 1.08e-06 V                  ; 2.36 V             ; -0.0113 V          ; 0.122 V                             ; 0.022 V                             ; 4.5e-10 s                  ; 4.45e-10 s                 ; Yes                       ; Yes                       ;
; HEX0_D[1]     ; 2.5 V        ; 0 s                 ; 0 s                 ; 2.32 V                       ; 1.08e-06 V                   ; 2.36 V              ; -0.0113 V           ; 0.122 V                              ; 0.022 V                              ; 4.5e-10 s                   ; 4.45e-10 s                  ; Yes                        ; Yes                        ; 2.32 V                      ; 1.08e-06 V                  ; 2.36 V             ; -0.0113 V          ; 0.122 V                             ; 0.022 V                             ; 4.5e-10 s                  ; 4.45e-10 s                 ; Yes                       ; Yes                       ;
; HEX0_D[0]     ; 2.5 V        ; 0 s                 ; 0 s                 ; 2.32 V                       ; 1.08e-06 V                   ; 2.36 V              ; -0.0113 V           ; 0.122 V                              ; 0.022 V                              ; 4.5e-10 s                   ; 4.45e-10 s                  ; Yes                        ; Yes                        ; 2.32 V                      ; 1.08e-06 V                  ; 2.36 V             ; -0.0113 V          ; 0.122 V                             ; 0.022 V                             ; 4.5e-10 s                  ; 4.45e-10 s                 ; Yes                       ; Yes                       ;
; HEX1_D[6]     ; 2.5 V        ; 0 s                 ; 0 s                 ; 2.32 V                       ; 1.08e-06 V                   ; 2.36 V              ; -0.0113 V           ; 0.122 V                              ; 0.022 V                              ; 4.5e-10 s                   ; 4.45e-10 s                  ; Yes                        ; Yes                        ; 2.32 V                      ; 1.08e-06 V                  ; 2.36 V             ; -0.0113 V          ; 0.122 V                             ; 0.022 V                             ; 4.5e-10 s                  ; 4.45e-10 s                 ; Yes                       ; Yes                       ;
; HEX1_D[5]     ; 2.5 V        ; 0 s                 ; 0 s                 ; 2.32 V                       ; 1.08e-06 V                   ; 2.36 V              ; -0.0113 V           ; 0.122 V                              ; 0.022 V                              ; 4.5e-10 s                   ; 4.45e-10 s                  ; Yes                        ; Yes                        ; 2.32 V                      ; 1.08e-06 V                  ; 2.36 V             ; -0.0113 V          ; 0.122 V                             ; 0.022 V                             ; 4.5e-10 s                  ; 4.45e-10 s                 ; Yes                       ; Yes                       ;
; HEX1_D[4]     ; 2.5 V        ; 0 s                 ; 0 s                 ; 2.32 V                       ; 1.08e-06 V                   ; 2.36 V              ; -0.0113 V           ; 0.122 V                              ; 0.022 V                              ; 4.5e-10 s                   ; 4.45e-10 s                  ; Yes                        ; Yes                        ; 2.32 V                      ; 1.08e-06 V                  ; 2.36 V             ; -0.0113 V          ; 0.122 V                             ; 0.022 V                             ; 4.5e-10 s                  ; 4.45e-10 s                 ; Yes                       ; Yes                       ;
; HEX1_D[3]     ; 2.5 V        ; 0 s                 ; 0 s                 ; 2.32 V                       ; 1.08e-06 V                   ; 2.36 V              ; -0.0113 V           ; 0.122 V                              ; 0.022 V                              ; 4.5e-10 s                   ; 4.45e-10 s                  ; Yes                        ; Yes                        ; 2.32 V                      ; 1.08e-06 V                  ; 2.36 V             ; -0.0113 V          ; 0.122 V                             ; 0.022 V                             ; 4.5e-10 s                  ; 4.45e-10 s                 ; Yes                       ; Yes                       ;
; HEX1_D[2]     ; 2.5 V        ; 0 s                 ; 0 s                 ; 2.32 V                       ; 1.08e-06 V                   ; 2.36 V              ; -0.0113 V           ; 0.122 V                              ; 0.022 V                              ; 4.5e-10 s                   ; 4.45e-10 s                  ; Yes                        ; Yes                        ; 2.32 V                      ; 1.08e-06 V                  ; 2.36 V             ; -0.0113 V          ; 0.122 V                             ; 0.022 V                             ; 4.5e-10 s                  ; 4.45e-10 s                 ; Yes                       ; Yes                       ;
; HEX1_D[1]     ; 2.5 V        ; 0 s                 ; 0 s                 ; 2.32 V                       ; 1.08e-06 V                   ; 2.36 V              ; -0.0113 V           ; 0.122 V                              ; 0.022 V                              ; 4.5e-10 s                   ; 4.45e-10 s                  ; Yes                        ; Yes                        ; 2.32 V                      ; 1.08e-06 V                  ; 2.36 V             ; -0.0113 V          ; 0.122 V                             ; 0.022 V                             ; 4.5e-10 s                  ; 4.45e-10 s                 ; Yes                       ; Yes                       ;
; HEX1_D[0]     ; 2.5 V        ; 0 s                 ; 0 s                 ; 2.32 V                       ; 1.08e-06 V                   ; 2.36 V              ; -0.0113 V           ; 0.122 V                              ; 0.022 V                              ; 4.5e-10 s                   ; 4.45e-10 s                  ; Yes                        ; Yes                        ; 2.32 V                      ; 1.08e-06 V                  ; 2.36 V             ; -0.0113 V          ; 0.122 V                             ; 0.022 V                             ; 4.5e-10 s                  ; 4.45e-10 s                 ; Yes                       ; Yes                       ;
; ~ALTERA_DCLK~ ; 2.5 V        ; 0 s                 ; 0 s                 ; 2.32 V                       ; 5.68e-07 V                   ; 2.35 V              ; -0.0132 V           ; 0.2 V                                ; 0.027 V                              ; 5.26e-10 s                  ; 4.81e-10 s                  ; Yes                        ; Yes                        ; 2.32 V                      ; 5.68e-07 V                  ; 2.35 V             ; -0.0132 V          ; 0.2 V                               ; 0.027 V                             ; 5.26e-10 s                 ; 4.81e-10 s                 ; Yes                       ; Yes                       ;
; ~ALTERA_nCEO~ ; 2.5 V        ; 0 s                 ; 0 s                 ; 2.32 V                       ; 9.36e-07 V                   ; 2.35 V              ; -0.00444 V          ; 0.18 V                               ; 0.019 V                              ; 7.23e-10 s                  ; 9.82e-10 s                  ; Yes                        ; Yes                        ; 2.32 V                      ; 9.36e-07 V                  ; 2.35 V             ; -0.00444 V         ; 0.18 V                              ; 0.019 V                             ; 7.23e-10 s                 ; 9.82e-10 s                 ; Yes                       ; Yes                       ;
+---------------+--------------+---------------------+---------------------+------------------------------+------------------------------+---------------------+---------------------+--------------------------------------+--------------------------------------+-----------------------------+-----------------------------+----------------------------+----------------------------+-----------------------------+-----------------------------+--------------------+--------------------+-------------------------------------+-------------------------------------+----------------------------+----------------------------+---------------------------+---------------------------+


+--------------------------------------------------------------------------------------------------------------------------------------------------------------------------------------------------------------------------------------------------------------------------------------------------------------------------------------------------------------------------------------------------------------------------------------------------------------------------------------------------------------------------------------------------------------------------------------------------------------------------------------------------------------------------------------------+
; Fast Corner Signal Integrity Metrics                                                                                                                                                                                                                                                                                                                                                                                                                                                                                                                                                                                                                                                       ;
+---------------+--------------+---------------------+---------------------+------------------------------+------------------------------+---------------------+---------------------+--------------------------------------+--------------------------------------+-----------------------------+-----------------------------+----------------------------+----------------------------+-----------------------------+-----------------------------+--------------------+--------------------+-------------------------------------+-------------------------------------+----------------------------+----------------------------+---------------------------+---------------------------+
; Pin           ; I/O Standard ; Board Delay on Rise ; Board Delay on Fall ; Steady State Voh at FPGA Pin ; Steady State Vol at FPGA Pin ; Voh Max at FPGA Pin ; Vol Min at FPGA Pin ; Ringback Voltage on Rise at FPGA Pin ; Ringback Voltage on Fall at FPGA Pin ; 10-90 Rise Time at FPGA Pin ; 90-10 Fall Time at FPGA Pin ; Monotonic Rise at FPGA Pin ; Monotonic Fall at FPGA Pin ; Steady State Voh at Far-end ; Steady State Vol at Far-end ; Voh Max at Far-end ; Vol Min at Far-end ; Ringback Voltage on Rise at Far-end ; Ringback Voltage on Fall at Far-end ; 10-90 Rise Time at Far-end ; 90-10 Fall Time at Far-end ; Monotonic Rise at Far-end ; Monotonic Fall at Far-end ;
+---------------+--------------+---------------------+---------------------+------------------------------+------------------------------+---------------------+---------------------+--------------------------------------+--------------------------------------+-----------------------------+-----------------------------+----------------------------+----------------------------+-----------------------------+-----------------------------+--------------------+--------------------+-------------------------------------+-------------------------------------+----------------------------+----------------------------+---------------------------+---------------------------+
; HEX0_D[6]     ; 2.5 V        ; 0 s                 ; 0 s                 ; 2.62 V                       ; 4.11e-08 V                   ; 2.73 V              ; -0.0566 V           ; 0.191 V                              ; 0.12 V                               ; 2.69e-10 s                  ; 2.76e-10 s                  ; Yes                        ; Yes                        ; 2.62 V                      ; 4.11e-08 V                  ; 2.73 V             ; -0.0566 V          ; 0.191 V                             ; 0.12 V                              ; 2.69e-10 s                 ; 2.76e-10 s                 ; Yes                       ; Yes                       ;
; HEX0_D[5]     ; 2.5 V        ; 0 s                 ; 0 s                 ; 2.62 V                       ; 4.11e-08 V                   ; 2.73 V              ; -0.0566 V           ; 0.191 V                              ; 0.12 V                               ; 2.69e-10 s                  ; 2.76e-10 s                  ; Yes                        ; Yes                        ; 2.62 V                      ; 4.11e-08 V                  ; 2.73 V             ; -0.0566 V          ; 0.191 V                             ; 0.12 V                              ; 2.69e-10 s                 ; 2.76e-10 s                 ; Yes                       ; Yes                       ;
; HEX0_D[4]     ; 2.5 V        ; 0 s                 ; 0 s                 ; 2.62 V                       ; 4.11e-08 V                   ; 2.73 V              ; -0.0566 V           ; 0.191 V                              ; 0.12 V                               ; 2.69e-10 s                  ; 2.76e-10 s                  ; Yes                        ; Yes                        ; 2.62 V                      ; 4.11e-08 V                  ; 2.73 V             ; -0.0566 V          ; 0.191 V                             ; 0.12 V                              ; 2.69e-10 s                 ; 2.76e-10 s                 ; Yes                       ; Yes                       ;
; HEX0_D[3]     ; 2.5 V        ; 0 s                 ; 0 s                 ; 2.62 V                       ; 4.11e-08 V                   ; 2.73 V              ; -0.0566 V           ; 0.191 V                              ; 0.12 V                               ; 2.69e-10 s                  ; 2.76e-10 s                  ; Yes                        ; Yes                        ; 2.62 V                      ; 4.11e-08 V                  ; 2.73 V             ; -0.0566 V          ; 0.191 V                             ; 0.12 V                              ; 2.69e-10 s                 ; 2.76e-10 s                 ; Yes                       ; Yes                       ;
; HEX0_D[2]     ; 2.5 V        ; 0 s                 ; 0 s                 ; 2.62 V                       ; 4.11e-08 V                   ; 2.73 V              ; -0.0566 V           ; 0.191 V                              ; 0.12 V                               ; 2.69e-10 s                  ; 2.76e-10 s                  ; Yes                        ; Yes                        ; 2.62 V                      ; 4.11e-08 V                  ; 2.73 V             ; -0.0566 V          ; 0.191 V                             ; 0.12 V                              ; 2.69e-10 s                 ; 2.76e-10 s                 ; Yes                       ; Yes                       ;
; HEX0_D[1]     ; 2.5 V        ; 0 s                 ; 0 s                 ; 2.62 V                       ; 4.11e-08 V                   ; 2.73 V              ; -0.0566 V           ; 0.191 V                              ; 0.12 V                               ; 2.69e-10 s                  ; 2.76e-10 s                  ; Yes                        ; Yes                        ; 2.62 V                      ; 4.11e-08 V                  ; 2.73 V             ; -0.0566 V          ; 0.191 V                             ; 0.12 V                              ; 2.69e-10 s                 ; 2.76e-10 s                 ; Yes                       ; Yes                       ;
; HEX0_D[0]     ; 2.5 V        ; 0 s                 ; 0 s                 ; 2.62 V                       ; 4.11e-08 V                   ; 2.73 V              ; -0.0566 V           ; 0.191 V                              ; 0.12 V                               ; 2.69e-10 s                  ; 2.76e-10 s                  ; Yes                        ; Yes                        ; 2.62 V                      ; 4.11e-08 V                  ; 2.73 V             ; -0.0566 V          ; 0.191 V                             ; 0.12 V                              ; 2.69e-10 s                 ; 2.76e-10 s                 ; Yes                       ; Yes                       ;
; HEX1_D[6]     ; 2.5 V        ; 0 s                 ; 0 s                 ; 2.62 V                       ; 4.11e-08 V                   ; 2.73 V              ; -0.0566 V           ; 0.191 V                              ; 0.12 V                               ; 2.69e-10 s                  ; 2.76e-10 s                  ; Yes                        ; Yes                        ; 2.62 V                      ; 4.11e-08 V                  ; 2.73 V             ; -0.0566 V          ; 0.191 V                             ; 0.12 V                              ; 2.69e-10 s                 ; 2.76e-10 s                 ; Yes                       ; Yes                       ;
; HEX1_D[5]     ; 2.5 V        ; 0 s                 ; 0 s                 ; 2.62 V                       ; 4.11e-08 V                   ; 2.73 V              ; -0.0566 V           ; 0.191 V                              ; 0.12 V                               ; 2.69e-10 s                  ; 2.76e-10 s                  ; Yes                        ; Yes                        ; 2.62 V                      ; 4.11e-08 V                  ; 2.73 V             ; -0.0566 V          ; 0.191 V                             ; 0.12 V                              ; 2.69e-10 s                 ; 2.76e-10 s                 ; Yes                       ; Yes                       ;
; HEX1_D[4]     ; 2.5 V        ; 0 s                 ; 0 s                 ; 2.62 V                       ; 4.11e-08 V                   ; 2.73 V              ; -0.0566 V           ; 0.191 V                              ; 0.12 V                               ; 2.69e-10 s                  ; 2.76e-10 s                  ; Yes                        ; Yes                        ; 2.62 V                      ; 4.11e-08 V                  ; 2.73 V             ; -0.0566 V          ; 0.191 V                             ; 0.12 V                              ; 2.69e-10 s                 ; 2.76e-10 s                 ; Yes                       ; Yes                       ;
; HEX1_D[3]     ; 2.5 V        ; 0 s                 ; 0 s                 ; 2.62 V                       ; 4.11e-08 V                   ; 2.73 V              ; -0.0566 V           ; 0.191 V                              ; 0.12 V                               ; 2.69e-10 s                  ; 2.76e-10 s                  ; Yes                        ; Yes                        ; 2.62 V                      ; 4.11e-08 V                  ; 2.73 V             ; -0.0566 V          ; 0.191 V                             ; 0.12 V                              ; 2.69e-10 s                 ; 2.76e-10 s                 ; Yes                       ; Yes                       ;
; HEX1_D[2]     ; 2.5 V        ; 0 s                 ; 0 s                 ; 2.62 V                       ; 4.11e-08 V                   ; 2.73 V              ; -0.0566 V           ; 0.191 V                              ; 0.12 V                               ; 2.69e-10 s                  ; 2.76e-10 s                  ; Yes                        ; Yes                        ; 2.62 V                      ; 4.11e-08 V                  ; 2.73 V             ; -0.0566 V          ; 0.191 V                             ; 0.12 V                              ; 2.69e-10 s                 ; 2.76e-10 s                 ; Yes                       ; Yes                       ;
; HEX1_D[1]     ; 2.5 V        ; 0 s                 ; 0 s                 ; 2.62 V                       ; 4.11e-08 V                   ; 2.73 V              ; -0.0566 V           ; 0.191 V                              ; 0.12 V                               ; 2.69e-10 s                  ; 2.76e-10 s                  ; Yes                        ; Yes                        ; 2.62 V                      ; 4.11e-08 V                  ; 2.73 V             ; -0.0566 V          ; 0.191 V                             ; 0.12 V                              ; 2.69e-10 s                 ; 2.76e-10 s                 ; Yes                       ; Yes                       ;
; HEX1_D[0]     ; 2.5 V        ; 0 s                 ; 0 s                 ; 2.62 V                       ; 4.11e-08 V                   ; 2.73 V              ; -0.0566 V           ; 0.191 V                              ; 0.12 V                               ; 2.69e-10 s                  ; 2.76e-10 s                  ; Yes                        ; Yes                        ; 2.62 V                      ; 4.11e-08 V                  ; 2.73 V             ; -0.0566 V          ; 0.191 V                             ; 0.12 V                              ; 2.69e-10 s                 ; 2.76e-10 s                 ; Yes                       ; Yes                       ;
; ~ALTERA_DCLK~ ; 2.5 V        ; 0 s                 ; 0 s                 ; 2.62 V                       ; 2.22e-08 V                   ; 2.72 V              ; -0.0747 V           ; 0.28 V                               ; 0.169 V                              ; 3.1e-10 s                   ; 3.01e-10 s                  ; No                         ; Yes                        ; 2.62 V                      ; 2.22e-08 V                  ; 2.72 V             ; -0.0747 V          ; 0.28 V                              ; 0.169 V                             ; 3.1e-10 s                  ; 3.01e-10 s                 ; No                        ; Yes                       ;
; ~ALTERA_nCEO~ ; 2.5 V        ; 0 s                 ; 0 s                 ; 2.62 V                       ; 3.53e-08 V                   ; 2.7 V               ; -0.0212 V           ; 0.204 V                              ; 0.049 V                              ; 4.85e-10 s                  ; 6.73e-10 s                  ; No                         ; Yes                        ; 2.62 V                      ; 3.53e-08 V                  ; 2.7 V              ; -0.0212 V          ; 0.204 V                             ; 0.049 V                             ; 4.85e-10 s                 ; 6.73e-10 s                 ; No                        ; Yes                       ;
+---------------+--------------+---------------------+---------------------+------------------------------+------------------------------+---------------------+---------------------+--------------------------------------+--------------------------------------+-----------------------------+-----------------------------+----------------------------+----------------------------+-----------------------------+-----------------------------+--------------------+--------------------+-------------------------------------+-------------------------------------+----------------------------+----------------------------+---------------------------+---------------------------+


-------------------
; Clock Transfers ;
-------------------
Nothing to report.


---------------
; Report TCCS ;
---------------
No dedicated SERDES Transmitter circuitry present in device or used in design


---------------
; Report RSKM ;
---------------
No non-DPA dedicated SERDES Receiver circuitry present in device or used in design


+------------------------------------------------+
; Unconstrained Paths                            ;
+---------------------------------+-------+------+
; Property                        ; Setup ; Hold ;
+---------------------------------+-------+------+
; Illegal Clocks                  ; 0     ; 0    ;
; Unconstrained Clocks            ; 0     ; 0    ;
; Unconstrained Input Ports       ; 8     ; 8    ;
; Unconstrained Input Port Paths  ; 88    ; 88   ;
; Unconstrained Output Ports      ; 11    ; 11   ;
; Unconstrained Output Port Paths ; 88    ; 88   ;
+---------------------------------+-------+------+


+------------------------------------+
; TimeQuest Timing Analyzer Messages ;
+------------------------------------+
Info: *******************************************************************
Info: Running Quartus II 32-bit TimeQuest Timing Analyzer
    Info: Version 13.1.0 Build 162 10/23/2013 SJ Web Edition
    Info: Processing started: Fri Feb 28 21:32:08 2025
Info: Command: quartus_sta task2 -c task2
Info: qsta_default_script.tcl version: #1
Warning (20028): Parallel compilation is not licensed and has been disabled
Info (21077): Core supply voltage is 1.2V
Info (21077): Low junction temperature is 0 degrees C
Info (21077): High junction temperature is 85 degrees C
Critical Warning (332012): Synopsys Design Constraints File file not found: 'task2.sdc'. A Synopsys Design Constraints File is required by the TimeQuest Timing Analyzer to get proper timing constraints. Without it, the Compiler will not properly optimize the design.
Info (332142): No user constrained base clocks found in the design. Calling "derive_clocks -period 1.0"
Info (332096): The command derive_clocks did not find any clocks to derive.  No clocks were created or changed.
Warning (332068): No clocks defined in design.
Info (332143): No user constrained clock uncertainty found in the design. Calling "derive_clock_uncertainty"
Info (332154): The derive_clock_uncertainty command did not apply clock uncertainty to any clock-to-clock transfers.
Info: Found TIMEQUEST_REPORT_SCRIPT_INCLUDE_DEFAULT_ANALYSIS = ON
Info (332159): No clocks to report
Info: Analyzing Slow 1200mV 85C Model
Info (332140): No fmax paths to report
Info (332140): No Setup paths to report
Info (332140): No Hold paths to report
Info (332140): No Recovery paths to report
Info (332140): No Removal paths to report
Info (332140): No Minimum Pulse Width paths to report
Info: Analyzing Slow 1200mV 0C Model
Info (334003): Started post-fitting delay annotation
Info (334004): Delay annotation completed successfully
Info (332142): No user constrained base clocks found in the design. Calling "derive_clocks -period 1.0"
Info (332096): The command derive_clocks did not find any clocks to derive.  No clocks were created or changed.
Warning (332068): No clocks defined in design.
Info (332154): The derive_clock_uncertainty command did not apply clock uncertainty to any clock-to-clock transfers.
Info (332140): No fmax paths to report
Info (332140): No Setup paths to report
Info (332140): No Hold paths to report
Info (332140): No Recovery paths to report
Info (332140): No Removal paths to report
Info (332140): No Minimum Pulse Width paths to report
Info: Analyzing Fast 1200mV 0C Model
Info (332142): No user constrained base clocks found in the design. Calling "derive_clocks -period 1.0"
Info (332096): The command derive_clocks did not find any clocks to derive.  No clocks were created or changed.
Warning (332068): No clocks defined in design.
Info (332154): The derive_clock_uncertainty command did not apply clock uncertainty to any clock-to-clock transfers.
Info (332140): No Setup paths to report
Info (332140): No Hold paths to report
Info (332140): No Recovery paths to report
Info (332140): No Removal paths to report
Info (332140): No Minimum Pulse Width paths to report
Info (332102): Design is not fully constrained for setup requirements
Info (332102): Design is not fully constrained for hold requirements
Info: Quartus II 32-bit TimeQuest Timing Analyzer was successful. 0 errors, 5 warnings
    Info: Peak virtual memory: 370 megabytes
    Info: Processing ended: Fri Feb 28 21:32:10 2025
    Info: Elapsed time: 00:00:02
    Info: Total CPU time (on all processors): 00:00:02


